


ARM Macro Assembler    Page 1 


    1 00000000         ;/*-----------------------------------------------------
                       ----------------------------------------------------*/
    2 00000000         ;/*                                                     
                                                                           */
    3 00000000         ;/* Copyright(c) 2009 Nuvoton Technology Corp. All right
                       s reserved.                                         */
    4 00000000         ;/*                                                     
                                                                           */
    5 00000000         ;/*-----------------------------------------------------
                       ----------------------------------------------------*/
    6 00000000         
    7 00000000         ;;;;;;;;;;;;;;;;;;;;;;;;;;;;;;;;;;;;;;;;;;;;;;;;;;;
    8 00000000         
    9 00000000 50000200 
                       CLK_BA_base
                               EQU              0x50000200
   10 00000000 00000000 
                       PWRCON  EQU              0x00
   11 00000000 00000004 
                       AHBCLK  EQU              0x04
   12 00000000 00000008 
                       APBCLK  EQU              0x08
   13 00000000 00000010 
                       CLKSEL0 EQU              0x10
   14 00000000 00000014 
                       CLKSEL1 EQU              0x14
   15 00000000 00000018 
                       CLKDIV  EQU              0x18
   16 00000000 00000020 
                       PLLCON  EQU              0x20
   17 00000000 00000030 
                       TEST_S  EQU              0x30
   18 00000000         
   19 00000000 50000208 
                       CLK_BA_APBCLK
                               EQU              0x50000208
   20 00000000         
   21 00000000         ;// Define clock enable registers  
   22 00000000         
   23 00000000 50000208 
                       ADC_COMP_CLK
                               EQU              0x50000208
   24 00000000 10000000 
                       ADC_enable
                               EQU              0x10000000
   25 00000000 40000000 
                       COMP_enable
                               EQU              0x40000000
   26 00000000         
   27 00000000 50000204 
                       PDMA_CLK
                               EQU              0x50000204
   28 00000000 00000003 
                       PDMA_enable
                               EQU              0x00000003
   29 00000000         
   30 00000000         ;;  bit 0  CPU_EN
   31 00000000         ;; bit 1  PDMA_EN
   32 00000000         



ARM Macro Assembler    Page 2 


   33 00000000         
   34 00000000         
   35 00000000         
   36 00000000         ;// Define COMP registers base
   37 00000000 400D0000 
                       COMP_base
                               EQU              0x400D0000
   38 00000000 00000000 
                       CMP1CR  EQU              0x00
   39 00000000 00000004 
                       CMP2CR  EQU              0x04
   40 00000000 00000008 
                       CMPSR   EQU              0x08
   41 00000000         
   42 00000000         ;// Define ADC registers base
   43 00000000 400E0000 
                       ADC_base
                               EQU              0x400E0000
   44 00000000 00000000 
                       ADDR0   EQU              0x00
   45 00000000 00000004 
                       ADDR1   EQU              0x04
   46 00000000 00000008 
                       ADDR2   EQU              0x08
   47 00000000 0000000C 
                       ADDR3   EQU              0x0c
   48 00000000 00000010 
                       ADDR4   EQU              0x10
   49 00000000 00000014 
                       ADDR5   EQU              0x14
   50 00000000 00000018 
                       ADDR6   EQU              0x18
   51 00000000 0000001C 
                       ADDR7   EQU              0x1c
   52 00000000 00000020 
                       ADCR    EQU              0x20
   53 00000000 00000024 
                       ADCHER  EQU              0x24
   54 00000000 00000028 
                       ADCMPR0 EQU              0x28
   55 00000000 0000002C 
                       ADCMPR1 EQU              0x2c
   56 00000000 00000030 
                       ADSR    EQU              0x30
   57 00000000 00000034 
                       ADCALR  EQU              0x34
   58 00000000 00000038 
                       ADCFCR  EQU              0x38
   59 00000000 0000003C 
                       ADCALD  EQU              0x3c
   60 00000000         
   61 00000000         ;// Pattern Table
   62 00000000 55555555 
                       pattern_55555555
                               EQU              0x55555555
   63 00000000 AAAAAAAA 
                       pattern_aaaaaaaa
                               EQU              0xaaaaaaaa
   64 00000000 00005555 



ARM Macro Assembler    Page 3 


                       pattern_00005555
                               EQU              0x00005555
   65 00000000 0000AAAA 
                       pattern_0000aaaa
                               EQU              0x0000aaaa
   66 00000000 05550515 
                       pattern_05550515
                               EQU              0x05550515
   67 00000000 0AAA0A2A 
                       pattern_0aaa0a2a
                               EQU              0x0aaa0a2a
   68 00000000         
   69 00000000         ;// Define PDMA regsiter base
   70 00000000 50008000 
                       PDMA_BA_ch0_base
                               EQU              0x50008000
   71 00000000 50008100 
                       PDMA_BA_ch1_base
                               EQU              0x50008100
   72 00000000 50008200 
                       PDMA_BA_ch2_base
                               EQU              0x50008200
   73 00000000 50008300 
                       PDMA_BA_ch3_base
                               EQU              0x50008300
   74 00000000 50008400 
                       PDMA_BA_ch4_base
                               EQU              0x50008400
   75 00000000 50008500 
                       PDMA_BA_ch5_base
                               EQU              0x50008500
   76 00000000 50008600 
                       PDMA_BA_ch6_base
                               EQU              0x50008600
   77 00000000 50008700 
                       PDMA_BA_ch7_base
                               EQU              0x50008700
   78 00000000         
   79 00000000 50008F00 
                       PDMA_BA_GCR
                               EQU              0x50008F00
   80 00000000 50008F00 
                       PDMA_BA_GCR_base
                               EQU              0x50008F00
   81 00000000         
   82 00000000 00000000 
                       PDMA_GCRCSR
                               EQU              0X00
   83 00000000 00000004 
                       PDMA_PDSSR2
                               EQU              0X04
   84 00000000 00000008 
                       PDMA_PDSSR1
                               EQU              0X08        ;; PDMA channel sel
                                                            ect   0x77000000
   85 00000000 0000000C 
                       PDMA_GCRISR
                               EQU              0X0C
   86 00000000         



ARM Macro Assembler    Page 4 


   87 00000000 0000FF00 
                       PDMA_GLOBAL_enable
                               EQU              0x0000FF00
   88 00000000         
   89 00000000         
   90 00000000 00000000 
                       PDMA_CSR
                               EQU              0X00
   91 00000000 00000004 
                       PDMA_SAR
                               EQU              0X04
   92 00000000 00000008 
                       PDMA_DAR
                               EQU              0X08
   93 00000000 0000000C 
                       PDMA_BCR
                               EQU              0X0C
   94 00000000 00000014 
                       PDMA_CSAR
                               EQU              0X14
   95 00000000 00000018 
                       PDMA_CDAR
                               EQU              0X18
   96 00000000 0000001C 
                       PDMA_CBSR
                               EQU              0X1C
   97 00000000 00000020 
                       PDMA_IER
                               EQU              0X20
   98 00000000 00000024 
                       PDMA_ISR
                               EQU              0X24
   99 00000000 00000028 
                       PDMA_CTCSR
                               EQU              0X28
  100 00000000 0000002C 
                       PDMA_SASOCR
                               EQU              0X2C
  101 00000000 00000030 
                       PDMA_DASOCR
                               EQU              0X30
  102 00000000 00000080 
                       PDMA_SBUF0
                               EQU              0X80
  103 00000000 00000084 
                       PDMA_SBUF1
                               EQU              0X84
  104 00000000 00000088 
                       PDMA_SBUF2
                               EQU              0X88
  105 00000000 0000008C 
                       PDMA_SBUF3
                               EQU              0X8C
  106 00000000         
  107 00000000         
  108 00000000         ;// Define VIC control register
  109 00000000 FFFF0000 
                       VIC_base
                               EQU              0xFFFF0000



ARM Macro Assembler    Page 5 


  110 00000000 0000003C 
                       VIC_SCR15
                               EQU              0x003c
  111 00000000 000000BC 
                       VIC_SVR15
                               EQU              0x00bc
  112 00000000 00000040 
                       VIC_SCR16
                               EQU              0x0040
  113 00000000 000000C0 
                       VIC_SVR16
                               EQU              0x00c0
  114 00000000 00000078 
                       VIC_SCR30
                               EQU              0x0078
  115 00000000 000000F8 
                       VIC_SVR30
                               EQU              0x00f8
  116 00000000 00000318 
                       VIC_MECR
                               EQU              0x0318
  117 00000000 0000031C 
                       VIC_MDCR
                               EQU              0x031c
  118 00000000 00000130 
                       VIC_EOSCR
                               EQU              0x0130
  119 00000000         
  120 00000000         ;//==================================
  121 00000000 50000300 
                       INT_BA_base
                               EQU              0x50000300
  122 00000000         
  123 00000000         
  124 00000000         ;// Parameter table
  125 00000000 00002980 
                       ADC_PDMA_CFG
                               EQU              0x00002980
  126 00000000 C0000000 
                       ADC_PDMA_DST
                               EQU              0xC0000000
  127 00000000 E0024200 
                       ADC_PDMA_SRC
                               EQU              0xE0024200
  128 00000000 00030008 
                       ADC_PDMA_TCBL
                               EQU              0x00030008
  129 00000000         
  130 00000000         ;//==================================
  131 00000000         
  132 00000000         
  133 00000000 50004000 
                       GPIO_base
                               EQU              0x50004000
  134 00000000 00000040 
                       GPIOB_PMD
                               EQU              0x0040
  135 00000000 00000044 
                       GPIOB_OFFD



ARM Macro Assembler    Page 6 


                               EQU              0x0044
  136 00000000 00000048 
                       GPIOB_DOUT
                               EQU              0x0048
  137 00000000 0000004C 
                       GPIOB_DMASK
                               EQU              0x004C
  138 00000000 00000050 
                       GPIOB_PIN
                               EQU              0x0050
  139 00000000 00000054 
                       GPIOB_DBEN
                               EQU              0x0054
  140 00000000 00000058 
                       GPIOB_IMD
                               EQU              0x0058
  141 00000000 0000005C 
                       GPIOB_IEN
                               EQU              0x005C
  142 00000000 00000060 
                       GPIOB_ISRC
                               EQU              0x0060
  143 00000000         
  144 00000000         ;//==================================
  145 00000000         
  146 00000000         
  147 00000000 50000000 
                       GCR_base
                               EQU              0x50000000
  148 00000000 00000034 
                       GPB_MFP EQU              0x0034
  149 00000000         
  150 00000000         
  151 00000000         
  152 00000000         
  153 00000000         
  154 00000000         ;;;;;;;;;;;;;;;;;;;;;;;;;;;;;;;;;;;;;;;;;;;;;;;;;;;
  155 00000000         
  156 00000000         
  157 00000000         
  158 00000000         
  159 00000000         
  160 00000000         
  161 00000000         
  162 00000000                 IF               :LNOT: :DEF: Stack_Size
  164                          ENDIF
  165 00000000         
  166 00000000                 AREA             STACK, NOINIT, READWRITE, ALIGN
=3
  167 00000000         Stack_Mem
                               SPACE            Stack_Size
  168 00000400         __initial_sp
  169 00000400         
  170 00000400         
  171 00000400         ; <h> Heap Configuration
  172 00000400         ;   <o>  Heap Size (in Bytes) <0x0-0xFFFFFFFF:8>
  173 00000400         ; </h>
  174 00000400         
  175 00000400                 IF               :LNOT: :DEF: Heap_Size



ARM Macro Assembler    Page 7 


  177                          ENDIF
  178 00000400         
  179 00000400                 AREA             HEAP, NOINIT, READWRITE, ALIGN=
3
  180 00000000         __heap_base
  181 00000000         Heap_Mem
                               SPACE            Heap_Size
  182 00000000         __heap_limit
  183 00000000         
  184 00000000         
  185 00000000                 PRESERVE8
  186 00000000                 THUMB
  187 00000000         
  188 00000000         
  189 00000000         ; Vector Table Mapped to Address 0 at Reset
  190 00000000                 AREA             RESET, DATA, READONLY
  191 00000000                 EXPORT           __Vectors
  192 00000000         
  193 00000000 00000000 
                       __Vectors
                               DCD              __initial_sp ; Top of Stack
  194 00000004 00000000        DCD              Reset_Handler ; Reset Handler
  195 00000008 00000000        DCD              NMI_Handler ; NMI Handler
  196 0000000C 00000000        DCD              HardFault_Handler ; Hard Fault 
                                                            Handler
  197 00000010 00000000        DCD              0           ; Reserved
  198 00000014 00000000        DCD              0           ; Reserved
  199 00000018 00000000        DCD              0           ; Reserved
  200 0000001C 00000000        DCD              0           ; Reserved
  201 00000020 00000000        DCD              0           ; Reserved
  202 00000024 00000000        DCD              0           ; Reserved
  203 00000028 00000000        DCD              0           ; Reserved
  204 0000002C 00000000        DCD              SVC_Handler ; SVCall Handler
  205 00000030 00000000        DCD              0           ; Reserved
  206 00000034 00000000        DCD              0           ; Reserved
  207 00000038 00000000        DCD              PendSV_Handler ; PendSV Handler
                                                            
  208 0000003C 00000000        DCD              SysTick_Handler 
                                                            ; SysTick Handler
  209 00000040         
  210 00000040         ; External Interrupts
  211 00000040         ; maximum of 32 External Interrupts are possible
  212 00000040 00000000        DCD              BOD_IRQHandler
  213 00000044 00000000        DCD              WDT_IRQHandler
  214 00000048 00000000        DCD              EINT0_IRQHandler
  215 0000004C 00000000        DCD              EINT1_IRQHandler
  216 00000050 00000000        DCD              GPAB_IRQHandler
  217 00000054 00000000        DCD              GPCDEF_IRQHandler
  218 00000058 00000000        DCD              PWMA_IRQHandler
  219 0000005C 00000000        DCD              PWMB_IRQHandler
  220 00000060 00000000        DCD              TMR0_IRQHandler
  221 00000064 00000000        DCD              TMR1_IRQHandler
  222 00000068 00000000        DCD              TMR2_IRQHandler
  223 0000006C 00000000        DCD              TMR3_IRQHandler
  224 00000070 00000000        DCD              UART02_IRQHandler
  225 00000074 00000000        DCD              UART1_IRQHandler
  226 00000078 00000000        DCD              SPI0_IRQHandler
  227 0000007C 00000000        DCD              SPI1_IRQHandler
  228 00000080 00000000        DCD              SPI2_IRQHandler



ARM Macro Assembler    Page 8 


  229 00000084 00000000        DCD              SPI3_IRQHandler
  230 00000088 00000000        DCD              I2C0_IRQHandler
  231 0000008C 00000000        DCD              I2C1_IRQHandler
  232 00000090 00000000        DCD              CAN0_IRQHandler
  233 00000094 00000000        DCD              CAN1_IRQHandler
  234 00000098 00000000        DCD              SC012_IRQHandler
  235 0000009C 00000000        DCD              USBD_IRQHandler
  236 000000A0 00000000        DCD              PS2_IRQHandler
  237 000000A4 00000000        DCD              ACMP_IRQHandler
  238 000000A8 00000000        DCD              PDMA_IRQHandler
  239 000000AC 00000000        DCD              I2S_IRQHandler
  240 000000B0 00000000        DCD              PWRWU_IRQHandler
  241 000000B4 00000000        DCD              ADC_IRQHandler
  242 000000B8 00000000        DCD              Default_Handler
  243 000000BC 00000000        DCD              RTC_IRQHandler
  244 000000C0         
  245 000000C0         
  246 000000C0         
  247 000000C0         
  248 000000C0         
  249 000000C0         
  250 000000C0         
  251 000000C0                 AREA             |.text|, CODE, READONLY
  252 00000000         
  253 00000000         
  254 00000000         
  255 00000000         ; Reset Handler 
  256 00000000         
  257 00000000                 ENTRY
  258 00000000         
  259 00000000         Reset_Handler
                               PROC
  260 00000000                 EXPORT           Reset_Handler             [WEAK
]
  261 00000000                 IMPORT           SystemInit
  262 00000000                 IMPORT           __main
  263 00000000         
  264 00000000 480A            LDR              R0, =0x50000100
  265 00000002         ; Unlock Register                
  266 00000002 490B            LDR              R1, =0x59
  267 00000004 6001            STR              R1, [R0]
  268 00000006 490B            LDR              R1, =0x16
  269 00000008 6001            STR              R1, [R0]
  270 0000000A 490B            LDR              R1, =0x88
  271 0000000C 6001            STR              R1, [R0]
  272 0000000E         
  273 0000000E         ; Init POR
  274 0000000E 4A0B            LDR              R2, =0x50000024
  275 00000010 490B            LDR              R1, =0x00005AA5
  276 00000012 6011            STR              R1, [R2]
  277 00000014         
  278 00000014         ; Lock register
  279 00000014 2100            MOVS             R1, #0
  280 00000016 6001            STR              R1, [R0]
  281 00000018         
  282 00000018 480A            LDR              R0, =SystemInit
  283 0000001A 4780            BLX              R0
  284 0000001C 480A            LDR              R0, =__main
  285 0000001E 4700            BX               R0



ARM Macro Assembler    Page 9 


  286 00000020                 ENDP
  287 00000020         
  288 00000020         
  289 00000020         ; Dummy Exception Handlers (infinite loops which can be 
                       modified)                
  290 00000020         
  291 00000020         NMI_Handler
                               PROC
  292 00000020                 EXPORT           NMI_Handler               [WEAK
]
  293 00000020 E7FE            B                .
  294 00000022                 ENDP
  296 00000022         HardFault_Handler
                               PROC
  297 00000022                 EXPORT           HardFault_Handler         [WEAK
]
  298 00000022 E7FE            B                .
  299 00000024                 ENDP
  300 00000024         SVC_Handler
                               PROC
  301 00000024                 EXPORT           SVC_Handler               [WEAK
]
  302 00000024 E7FE            B                .
  303 00000026                 ENDP
  304 00000026         PendSV_Handler
                               PROC
  305 00000026                 EXPORT           PendSV_Handler            [WEAK
]
  306 00000026 E7FE            B                .
  307 00000028                 ENDP
  308 00000028         SysTick_Handler
                               PROC
  309 00000028                 EXPORT           SysTick_Handler           [WEAK
]
  310 00000028 E7FE            B                .
  311 0000002A                 ENDP
  312 0000002A         
  313 0000002A         Default_Handler
                               PROC
  314 0000002A         
  315 0000002A                 EXPORT           BOD_IRQHandler            [WEAK
]
  316 0000002A                 EXPORT           WDT_IRQHandler            [WEAK
]
  317 0000002A                 EXPORT           EINT0_IRQHandler          [WEAK
]
  318 0000002A                 EXPORT           EINT1_IRQHandler          [WEAK
]
  319 0000002A                 EXPORT           GPAB_IRQHandler           [WEAK
]
  320 0000002A                 EXPORT           GPCDEF_IRQHandler         [WEAK
]
  321 0000002A                 EXPORT           PWMA_IRQHandler           [WEAK
]
  322 0000002A                 EXPORT           PWMB_IRQHandler           [WEAK
]
  323 0000002A                 EXPORT           TMR0_IRQHandler           [WEAK
]
  324 0000002A                 EXPORT           TMR1_IRQHandler           [WEAK



ARM Macro Assembler    Page 10 


]
  325 0000002A                 EXPORT           TMR2_IRQHandler           [WEAK
]
  326 0000002A                 EXPORT           TMR3_IRQHandler           [WEAK
]
  327 0000002A                 EXPORT           UART02_IRQHandler         [WEAK
]
  328 0000002A                 EXPORT           UART1_IRQHandler          [WEAK
]
  329 0000002A                 EXPORT           SPI0_IRQHandler           [WEAK
]
  330 0000002A                 EXPORT           SPI1_IRQHandler           [WEAK
]
  331 0000002A                 EXPORT           SPI2_IRQHandler           [WEAK
]
  332 0000002A                 EXPORT           SPI3_IRQHandler           [WEAK
]
  333 0000002A                 EXPORT           I2C0_IRQHandler           [WEAK
]
  334 0000002A                 EXPORT           I2C1_IRQHandler           [WEAK
]
  335 0000002A                 EXPORT           CAN0_IRQHandler           [WEAK
]
  336 0000002A                 EXPORT           CAN1_IRQHandler           [WEAK
]
  337 0000002A                 EXPORT           SC012_IRQHandler          [WEAK
]
  338 0000002A                 EXPORT           USBD_IRQHandler           [WEAK
]
  339 0000002A                 EXPORT           PS2_IRQHandler            [WEAK
]
  340 0000002A                 EXPORT           ACMP_IRQHandler           [WEAK
]
  341 0000002A                 EXPORT           PDMA_IRQHandler           [WEAK
]
  342 0000002A                 EXPORT           I2S_IRQHandler            [WEAK
]
  343 0000002A                 EXPORT           PWRWU_IRQHandler          [WEAK
]
  344 0000002A                 EXPORT           ADC_IRQHandler            [WEAK
]
  345 0000002A                 EXPORT           RTC_IRQHandler            [WEAK
]
  346 0000002A         
  347 0000002A         BOD_IRQHandler
  348 0000002A         WDT_IRQHandler
  349 0000002A         EINT0_IRQHandler
  350 0000002A         EINT1_IRQHandler
  351 0000002A         GPAB_IRQHandler
  352 0000002A         GPCDEF_IRQHandler
  353 0000002A         PWMA_IRQHandler
  354 0000002A         PWMB_IRQHandler
  355 0000002A         TMR0_IRQHandler
  356 0000002A         TMR1_IRQHandler
  357 0000002A         TMR2_IRQHandler
  358 0000002A         TMR3_IRQHandler
  359 0000002A         UART02_IRQHandler
  360 0000002A         UART1_IRQHandler
  361 0000002A         SPI0_IRQHandler



ARM Macro Assembler    Page 11 


  362 0000002A         SPI1_IRQHandler
  363 0000002A         SPI2_IRQHandler
  364 0000002A         SPI3_IRQHandler
  365 0000002A         I2C0_IRQHandler
  366 0000002A         I2C1_IRQHandler
  367 0000002A         CAN0_IRQHandler
  368 0000002A         CAN1_IRQHandler
  369 0000002A         SC012_IRQHandler
  370 0000002A         USBD_IRQHandler
  371 0000002A         PS2_IRQHandler
  372 0000002A         ACMP_IRQHandler
  373 0000002A         PDMA_IRQHandler
  374 0000002A         I2S_IRQHandler
  375 0000002A         PWRWU_IRQHandler
  376 0000002A         ADC_IRQHandler
  377 0000002A         RTC_IRQHandler
  378 0000002A E7FE            B                .
  379 0000002C                 ENDP
  380 0000002C         
  381 0000002C         
  382 0000002C                 ALIGN
  383 0000002C         
  384 0000002C         
  385 0000002C         ; User Initial Stack & Heap
  386 0000002C         
  387 0000002C                 IF               :DEF:__MICROLIB
  388 0000002C         
  389 0000002C                 EXPORT           __initial_sp
  390 0000002C                 EXPORT           __heap_base
  391 0000002C                 EXPORT           __heap_limit
  392 0000002C         
  393 0000002C                 ELSE
  407                          ENDIF
  408 0000002C         
  409 0000002C                 END
              50000100 
              00000059 
              00000016 
              00000088 
              50000024 
              00005AA5 
              00000000 
              00000000 
Command Line: --16 --debug --xref --diag_suppress=9931 --cpu=Cortex-M0 --apcs=i
nterwork --depend=.\obj\startup_nuc100series.d -o.\obj\startup_nuc100series.o -
IC:\Keil_v5\ARM\RV31\INC -IC:\Keil_v5\ARM\CMSIS\Include --predefine="__EVAL SET
A 1" --predefine="__MICROLIB SETA 1" --predefine="__UVISION_VERSION SETA 524" -
-predefine="DEBUG_ENABLE_SEMIHOST SETA 1" --list=.\lst\startup_nuc100series.lst
 ..\Library\Device\Nuvoton\NUC100Series\Source\ARM\startup_NUC100Series.s



ARM Macro Assembler    Page 1 Alphabetic symbol ordering
Relocatable symbols

STACK 00000000

Symbol: STACK
   Definitions
      At line 166 in file ..\Library\Device\Nuvoton\NUC100Series\Source\ARM\sta
rtup_NUC100Series.s
   Uses
      None
Comment: STACK unused
Stack_Mem 00000000

Symbol: Stack_Mem
   Definitions
      At line 167 in file ..\Library\Device\Nuvoton\NUC100Series\Source\ARM\sta
rtup_NUC100Series.s
   Uses
      None
Comment: Stack_Mem unused
__initial_sp 00000400

Symbol: __initial_sp
   Definitions
      At line 168 in file ..\Library\Device\Nuvoton\NUC100Series\Source\ARM\sta
rtup_NUC100Series.s
   Uses
      At line 193 in file ..\Library\Device\Nuvoton\NUC100Series\Source\ARM\sta
rtup_NUC100Series.s
      At line 389 in file ..\Library\Device\Nuvoton\NUC100Series\Source\ARM\sta
rtup_NUC100Series.s

3 symbols



ARM Macro Assembler    Page 1 Alphabetic symbol ordering
Relocatable symbols

HEAP 00000000

Symbol: HEAP
   Definitions
      At line 179 in file ..\Library\Device\Nuvoton\NUC100Series\Source\ARM\sta
rtup_NUC100Series.s
   Uses
      None
Comment: HEAP unused
Heap_Mem 00000000

Symbol: Heap_Mem
   Definitions
      At line 181 in file ..\Library\Device\Nuvoton\NUC100Series\Source\ARM\sta
rtup_NUC100Series.s
   Uses
      None
Comment: Heap_Mem unused
__heap_base 00000000

Symbol: __heap_base
   Definitions
      At line 180 in file ..\Library\Device\Nuvoton\NUC100Series\Source\ARM\sta
rtup_NUC100Series.s
   Uses
      At line 390 in file ..\Library\Device\Nuvoton\NUC100Series\Source\ARM\sta
rtup_NUC100Series.s
Comment: __heap_base used once
__heap_limit 00000000

Symbol: __heap_limit
   Definitions
      At line 182 in file ..\Library\Device\Nuvoton\NUC100Series\Source\ARM\sta
rtup_NUC100Series.s
   Uses
      At line 391 in file ..\Library\Device\Nuvoton\NUC100Series\Source\ARM\sta
rtup_NUC100Series.s
Comment: __heap_limit used once
4 symbols



ARM Macro Assembler    Page 1 Alphabetic symbol ordering
Relocatable symbols

RESET 00000000

Symbol: RESET
   Definitions
      At line 190 in file ..\Library\Device\Nuvoton\NUC100Series\Source\ARM\sta
rtup_NUC100Series.s
   Uses
      None
Comment: RESET unused
__Vectors 00000000

Symbol: __Vectors
   Definitions
      At line 193 in file ..\Library\Device\Nuvoton\NUC100Series\Source\ARM\sta
rtup_NUC100Series.s
   Uses
      At line 191 in file ..\Library\Device\Nuvoton\NUC100Series\Source\ARM\sta
rtup_NUC100Series.s
Comment: __Vectors used once
2 symbols



ARM Macro Assembler    Page 1 Alphabetic symbol ordering
Relocatable symbols

.text 00000000

Symbol: .text
   Definitions
      At line 251 in file ..\Library\Device\Nuvoton\NUC100Series\Source\ARM\sta
rtup_NUC100Series.s
   Uses
      None
Comment: .text unused
ACMP_IRQHandler 0000002A

Symbol: ACMP_IRQHandler
   Definitions
      At line 372 in file ..\Library\Device\Nuvoton\NUC100Series\Source\ARM\sta
rtup_NUC100Series.s
   Uses
      At line 237 in file ..\Library\Device\Nuvoton\NUC100Series\Source\ARM\sta
rtup_NUC100Series.s
      At line 340 in file ..\Library\Device\Nuvoton\NUC100Series\Source\ARM\sta
rtup_NUC100Series.s

ADC_IRQHandler 0000002A

Symbol: ADC_IRQHandler
   Definitions
      At line 376 in file ..\Library\Device\Nuvoton\NUC100Series\Source\ARM\sta
rtup_NUC100Series.s
   Uses
      At line 241 in file ..\Library\Device\Nuvoton\NUC100Series\Source\ARM\sta
rtup_NUC100Series.s
      At line 344 in file ..\Library\Device\Nuvoton\NUC100Series\Source\ARM\sta
rtup_NUC100Series.s

BOD_IRQHandler 0000002A

Symbol: BOD_IRQHandler
   Definitions
      At line 347 in file ..\Library\Device\Nuvoton\NUC100Series\Source\ARM\sta
rtup_NUC100Series.s
   Uses
      At line 212 in file ..\Library\Device\Nuvoton\NUC100Series\Source\ARM\sta
rtup_NUC100Series.s
      At line 315 in file ..\Library\Device\Nuvoton\NUC100Series\Source\ARM\sta
rtup_NUC100Series.s

CAN0_IRQHandler 0000002A

Symbol: CAN0_IRQHandler
   Definitions
      At line 367 in file ..\Library\Device\Nuvoton\NUC100Series\Source\ARM\sta
rtup_NUC100Series.s
   Uses
      At line 232 in file ..\Library\Device\Nuvoton\NUC100Series\Source\ARM\sta
rtup_NUC100Series.s
      At line 335 in file ..\Library\Device\Nuvoton\NUC100Series\Source\ARM\sta
rtup_NUC100Series.s

CAN1_IRQHandler 0000002A




ARM Macro Assembler    Page 2 Alphabetic symbol ordering
Relocatable symbols

Symbol: CAN1_IRQHandler
   Definitions
      At line 368 in file ..\Library\Device\Nuvoton\NUC100Series\Source\ARM\sta
rtup_NUC100Series.s
   Uses
      At line 233 in file ..\Library\Device\Nuvoton\NUC100Series\Source\ARM\sta
rtup_NUC100Series.s
      At line 336 in file ..\Library\Device\Nuvoton\NUC100Series\Source\ARM\sta
rtup_NUC100Series.s

Default_Handler 0000002A

Symbol: Default_Handler
   Definitions
      At line 313 in file ..\Library\Device\Nuvoton\NUC100Series\Source\ARM\sta
rtup_NUC100Series.s
   Uses
      At line 242 in file ..\Library\Device\Nuvoton\NUC100Series\Source\ARM\sta
rtup_NUC100Series.s
Comment: Default_Handler used once
EINT0_IRQHandler 0000002A

Symbol: EINT0_IRQHandler
   Definitions
      At line 349 in file ..\Library\Device\Nuvoton\NUC100Series\Source\ARM\sta
rtup_NUC100Series.s
   Uses
      At line 214 in file ..\Library\Device\Nuvoton\NUC100Series\Source\ARM\sta
rtup_NUC100Series.s
      At line 317 in file ..\Library\Device\Nuvoton\NUC100Series\Source\ARM\sta
rtup_NUC100Series.s

EINT1_IRQHandler 0000002A

Symbol: EINT1_IRQHandler
   Definitions
      At line 350 in file ..\Library\Device\Nuvoton\NUC100Series\Source\ARM\sta
rtup_NUC100Series.s
   Uses
      At line 215 in file ..\Library\Device\Nuvoton\NUC100Series\Source\ARM\sta
rtup_NUC100Series.s
      At line 318 in file ..\Library\Device\Nuvoton\NUC100Series\Source\ARM\sta
rtup_NUC100Series.s

GPAB_IRQHandler 0000002A

Symbol: GPAB_IRQHandler
   Definitions
      At line 351 in file ..\Library\Device\Nuvoton\NUC100Series\Source\ARM\sta
rtup_NUC100Series.s
   Uses
      At line 216 in file ..\Library\Device\Nuvoton\NUC100Series\Source\ARM\sta
rtup_NUC100Series.s
      At line 319 in file ..\Library\Device\Nuvoton\NUC100Series\Source\ARM\sta
rtup_NUC100Series.s

GPCDEF_IRQHandler 0000002A

Symbol: GPCDEF_IRQHandler



ARM Macro Assembler    Page 3 Alphabetic symbol ordering
Relocatable symbols

   Definitions
      At line 352 in file ..\Library\Device\Nuvoton\NUC100Series\Source\ARM\sta
rtup_NUC100Series.s
   Uses
      At line 217 in file ..\Library\Device\Nuvoton\NUC100Series\Source\ARM\sta
rtup_NUC100Series.s
      At line 320 in file ..\Library\Device\Nuvoton\NUC100Series\Source\ARM\sta
rtup_NUC100Series.s

HardFault_Handler 00000022

Symbol: HardFault_Handler
   Definitions
      At line 296 in file ..\Library\Device\Nuvoton\NUC100Series\Source\ARM\sta
rtup_NUC100Series.s
   Uses
      At line 196 in file ..\Library\Device\Nuvoton\NUC100Series\Source\ARM\sta
rtup_NUC100Series.s
      At line 297 in file ..\Library\Device\Nuvoton\NUC100Series\Source\ARM\sta
rtup_NUC100Series.s

I2C0_IRQHandler 0000002A

Symbol: I2C0_IRQHandler
   Definitions
      At line 365 in file ..\Library\Device\Nuvoton\NUC100Series\Source\ARM\sta
rtup_NUC100Series.s
   Uses
      At line 230 in file ..\Library\Device\Nuvoton\NUC100Series\Source\ARM\sta
rtup_NUC100Series.s
      At line 333 in file ..\Library\Device\Nuvoton\NUC100Series\Source\ARM\sta
rtup_NUC100Series.s

I2C1_IRQHandler 0000002A

Symbol: I2C1_IRQHandler
   Definitions
      At line 366 in file ..\Library\Device\Nuvoton\NUC100Series\Source\ARM\sta
rtup_NUC100Series.s
   Uses
      At line 231 in file ..\Library\Device\Nuvoton\NUC100Series\Source\ARM\sta
rtup_NUC100Series.s
      At line 334 in file ..\Library\Device\Nuvoton\NUC100Series\Source\ARM\sta
rtup_NUC100Series.s

I2S_IRQHandler 0000002A

Symbol: I2S_IRQHandler
   Definitions
      At line 374 in file ..\Library\Device\Nuvoton\NUC100Series\Source\ARM\sta
rtup_NUC100Series.s
   Uses
      At line 239 in file ..\Library\Device\Nuvoton\NUC100Series\Source\ARM\sta
rtup_NUC100Series.s
      At line 342 in file ..\Library\Device\Nuvoton\NUC100Series\Source\ARM\sta
rtup_NUC100Series.s

NMI_Handler 00000020




ARM Macro Assembler    Page 4 Alphabetic symbol ordering
Relocatable symbols

Symbol: NMI_Handler
   Definitions
      At line 291 in file ..\Library\Device\Nuvoton\NUC100Series\Source\ARM\sta
rtup_NUC100Series.s
   Uses
      At line 195 in file ..\Library\Device\Nuvoton\NUC100Series\Source\ARM\sta
rtup_NUC100Series.s
      At line 292 in file ..\Library\Device\Nuvoton\NUC100Series\Source\ARM\sta
rtup_NUC100Series.s

PDMA_IRQHandler 0000002A

Symbol: PDMA_IRQHandler
   Definitions
      At line 373 in file ..\Library\Device\Nuvoton\NUC100Series\Source\ARM\sta
rtup_NUC100Series.s
   Uses
      At line 238 in file ..\Library\Device\Nuvoton\NUC100Series\Source\ARM\sta
rtup_NUC100Series.s
      At line 341 in file ..\Library\Device\Nuvoton\NUC100Series\Source\ARM\sta
rtup_NUC100Series.s

PS2_IRQHandler 0000002A

Symbol: PS2_IRQHandler
   Definitions
      At line 371 in file ..\Library\Device\Nuvoton\NUC100Series\Source\ARM\sta
rtup_NUC100Series.s
   Uses
      At line 236 in file ..\Library\Device\Nuvoton\NUC100Series\Source\ARM\sta
rtup_NUC100Series.s
      At line 339 in file ..\Library\Device\Nuvoton\NUC100Series\Source\ARM\sta
rtup_NUC100Series.s

PWMA_IRQHandler 0000002A

Symbol: PWMA_IRQHandler
   Definitions
      At line 353 in file ..\Library\Device\Nuvoton\NUC100Series\Source\ARM\sta
rtup_NUC100Series.s
   Uses
      At line 218 in file ..\Library\Device\Nuvoton\NUC100Series\Source\ARM\sta
rtup_NUC100Series.s
      At line 321 in file ..\Library\Device\Nuvoton\NUC100Series\Source\ARM\sta
rtup_NUC100Series.s

PWMB_IRQHandler 0000002A

Symbol: PWMB_IRQHandler
   Definitions
      At line 354 in file ..\Library\Device\Nuvoton\NUC100Series\Source\ARM\sta
rtup_NUC100Series.s
   Uses
      At line 219 in file ..\Library\Device\Nuvoton\NUC100Series\Source\ARM\sta
rtup_NUC100Series.s
      At line 322 in file ..\Library\Device\Nuvoton\NUC100Series\Source\ARM\sta
rtup_NUC100Series.s

PWRWU_IRQHandler 0000002A



ARM Macro Assembler    Page 5 Alphabetic symbol ordering
Relocatable symbols


Symbol: PWRWU_IRQHandler
   Definitions
      At line 375 in file ..\Library\Device\Nuvoton\NUC100Series\Source\ARM\sta
rtup_NUC100Series.s
   Uses
      At line 240 in file ..\Library\Device\Nuvoton\NUC100Series\Source\ARM\sta
rtup_NUC100Series.s
      At line 343 in file ..\Library\Device\Nuvoton\NUC100Series\Source\ARM\sta
rtup_NUC100Series.s

PendSV_Handler 00000026

Symbol: PendSV_Handler
   Definitions
      At line 304 in file ..\Library\Device\Nuvoton\NUC100Series\Source\ARM\sta
rtup_NUC100Series.s
   Uses
      At line 207 in file ..\Library\Device\Nuvoton\NUC100Series\Source\ARM\sta
rtup_NUC100Series.s
      At line 305 in file ..\Library\Device\Nuvoton\NUC100Series\Source\ARM\sta
rtup_NUC100Series.s

RTC_IRQHandler 0000002A

Symbol: RTC_IRQHandler
   Definitions
      At line 377 in file ..\Library\Device\Nuvoton\NUC100Series\Source\ARM\sta
rtup_NUC100Series.s
   Uses
      At line 243 in file ..\Library\Device\Nuvoton\NUC100Series\Source\ARM\sta
rtup_NUC100Series.s
      At line 345 in file ..\Library\Device\Nuvoton\NUC100Series\Source\ARM\sta
rtup_NUC100Series.s

Reset_Handler 00000000

Symbol: Reset_Handler
   Definitions
      At line 259 in file ..\Library\Device\Nuvoton\NUC100Series\Source\ARM\sta
rtup_NUC100Series.s
   Uses
      At line 194 in file ..\Library\Device\Nuvoton\NUC100Series\Source\ARM\sta
rtup_NUC100Series.s
      At line 260 in file ..\Library\Device\Nuvoton\NUC100Series\Source\ARM\sta
rtup_NUC100Series.s

SC012_IRQHandler 0000002A

Symbol: SC012_IRQHandler
   Definitions
      At line 369 in file ..\Library\Device\Nuvoton\NUC100Series\Source\ARM\sta
rtup_NUC100Series.s
   Uses
      At line 234 in file ..\Library\Device\Nuvoton\NUC100Series\Source\ARM\sta
rtup_NUC100Series.s
      At line 337 in file ..\Library\Device\Nuvoton\NUC100Series\Source\ARM\sta
rtup_NUC100Series.s




ARM Macro Assembler    Page 6 Alphabetic symbol ordering
Relocatable symbols

SPI0_IRQHandler 0000002A

Symbol: SPI0_IRQHandler
   Definitions
      At line 361 in file ..\Library\Device\Nuvoton\NUC100Series\Source\ARM\sta
rtup_NUC100Series.s
   Uses
      At line 226 in file ..\Library\Device\Nuvoton\NUC100Series\Source\ARM\sta
rtup_NUC100Series.s
      At line 329 in file ..\Library\Device\Nuvoton\NUC100Series\Source\ARM\sta
rtup_NUC100Series.s

SPI1_IRQHandler 0000002A

Symbol: SPI1_IRQHandler
   Definitions
      At line 362 in file ..\Library\Device\Nuvoton\NUC100Series\Source\ARM\sta
rtup_NUC100Series.s
   Uses
      At line 227 in file ..\Library\Device\Nuvoton\NUC100Series\Source\ARM\sta
rtup_NUC100Series.s
      At line 330 in file ..\Library\Device\Nuvoton\NUC100Series\Source\ARM\sta
rtup_NUC100Series.s

SPI2_IRQHandler 0000002A

Symbol: SPI2_IRQHandler
   Definitions
      At line 363 in file ..\Library\Device\Nuvoton\NUC100Series\Source\ARM\sta
rtup_NUC100Series.s
   Uses
      At line 228 in file ..\Library\Device\Nuvoton\NUC100Series\Source\ARM\sta
rtup_NUC100Series.s
      At line 331 in file ..\Library\Device\Nuvoton\NUC100Series\Source\ARM\sta
rtup_NUC100Series.s

SPI3_IRQHandler 0000002A

Symbol: SPI3_IRQHandler
   Definitions
      At line 364 in file ..\Library\Device\Nuvoton\NUC100Series\Source\ARM\sta
rtup_NUC100Series.s
   Uses
      At line 229 in file ..\Library\Device\Nuvoton\NUC100Series\Source\ARM\sta
rtup_NUC100Series.s
      At line 332 in file ..\Library\Device\Nuvoton\NUC100Series\Source\ARM\sta
rtup_NUC100Series.s

SVC_Handler 00000024

Symbol: SVC_Handler
   Definitions
      At line 300 in file ..\Library\Device\Nuvoton\NUC100Series\Source\ARM\sta
rtup_NUC100Series.s
   Uses
      At line 204 in file ..\Library\Device\Nuvoton\NUC100Series\Source\ARM\sta
rtup_NUC100Series.s
      At line 301 in file ..\Library\Device\Nuvoton\NUC100Series\Source\ARM\sta
rtup_NUC100Series.s



ARM Macro Assembler    Page 7 Alphabetic symbol ordering
Relocatable symbols


SysTick_Handler 00000028

Symbol: SysTick_Handler
   Definitions
      At line 308 in file ..\Library\Device\Nuvoton\NUC100Series\Source\ARM\sta
rtup_NUC100Series.s
   Uses
      At line 208 in file ..\Library\Device\Nuvoton\NUC100Series\Source\ARM\sta
rtup_NUC100Series.s
      At line 309 in file ..\Library\Device\Nuvoton\NUC100Series\Source\ARM\sta
rtup_NUC100Series.s

TMR0_IRQHandler 0000002A

Symbol: TMR0_IRQHandler
   Definitions
      At line 355 in file ..\Library\Device\Nuvoton\NUC100Series\Source\ARM\sta
rtup_NUC100Series.s
   Uses
      At line 220 in file ..\Library\Device\Nuvoton\NUC100Series\Source\ARM\sta
rtup_NUC100Series.s
      At line 323 in file ..\Library\Device\Nuvoton\NUC100Series\Source\ARM\sta
rtup_NUC100Series.s

TMR1_IRQHandler 0000002A

Symbol: TMR1_IRQHandler
   Definitions
      At line 356 in file ..\Library\Device\Nuvoton\NUC100Series\Source\ARM\sta
rtup_NUC100Series.s
   Uses
      At line 221 in file ..\Library\Device\Nuvoton\NUC100Series\Source\ARM\sta
rtup_NUC100Series.s
      At line 324 in file ..\Library\Device\Nuvoton\NUC100Series\Source\ARM\sta
rtup_NUC100Series.s

TMR2_IRQHandler 0000002A

Symbol: TMR2_IRQHandler
   Definitions
      At line 357 in file ..\Library\Device\Nuvoton\NUC100Series\Source\ARM\sta
rtup_NUC100Series.s
   Uses
      At line 222 in file ..\Library\Device\Nuvoton\NUC100Series\Source\ARM\sta
rtup_NUC100Series.s
      At line 325 in file ..\Library\Device\Nuvoton\NUC100Series\Source\ARM\sta
rtup_NUC100Series.s

TMR3_IRQHandler 0000002A

Symbol: TMR3_IRQHandler
   Definitions
      At line 358 in file ..\Library\Device\Nuvoton\NUC100Series\Source\ARM\sta
rtup_NUC100Series.s
   Uses
      At line 223 in file ..\Library\Device\Nuvoton\NUC100Series\Source\ARM\sta
rtup_NUC100Series.s
      At line 326 in file ..\Library\Device\Nuvoton\NUC100Series\Source\ARM\sta



ARM Macro Assembler    Page 8 Alphabetic symbol ordering
Relocatable symbols

rtup_NUC100Series.s

UART02_IRQHandler 0000002A

Symbol: UART02_IRQHandler
   Definitions
      At line 359 in file ..\Library\Device\Nuvoton\NUC100Series\Source\ARM\sta
rtup_NUC100Series.s
   Uses
      At line 224 in file ..\Library\Device\Nuvoton\NUC100Series\Source\ARM\sta
rtup_NUC100Series.s
      At line 327 in file ..\Library\Device\Nuvoton\NUC100Series\Source\ARM\sta
rtup_NUC100Series.s

UART1_IRQHandler 0000002A

Symbol: UART1_IRQHandler
   Definitions
      At line 360 in file ..\Library\Device\Nuvoton\NUC100Series\Source\ARM\sta
rtup_NUC100Series.s
   Uses
      At line 225 in file ..\Library\Device\Nuvoton\NUC100Series\Source\ARM\sta
rtup_NUC100Series.s
      At line 328 in file ..\Library\Device\Nuvoton\NUC100Series\Source\ARM\sta
rtup_NUC100Series.s

USBD_IRQHandler 0000002A

Symbol: USBD_IRQHandler
   Definitions
      At line 370 in file ..\Library\Device\Nuvoton\NUC100Series\Source\ARM\sta
rtup_NUC100Series.s
   Uses
      At line 235 in file ..\Library\Device\Nuvoton\NUC100Series\Source\ARM\sta
rtup_NUC100Series.s
      At line 338 in file ..\Library\Device\Nuvoton\NUC100Series\Source\ARM\sta
rtup_NUC100Series.s

WDT_IRQHandler 0000002A

Symbol: WDT_IRQHandler
   Definitions
      At line 348 in file ..\Library\Device\Nuvoton\NUC100Series\Source\ARM\sta
rtup_NUC100Series.s
   Uses
      At line 213 in file ..\Library\Device\Nuvoton\NUC100Series\Source\ARM\sta
rtup_NUC100Series.s
      At line 316 in file ..\Library\Device\Nuvoton\NUC100Series\Source\ARM\sta
rtup_NUC100Series.s

39 symbols



ARM Macro Assembler    Page 1 Alphabetic symbol ordering
Absolute symbols

ADCALD 0000003C

Symbol: ADCALD
   Definitions
      At line 59 in file ..\Library\Device\Nuvoton\NUC100Series\Source\ARM\star
tup_NUC100Series.s
   Uses
      None
Comment: ADCALD unused
ADCALR 00000034

Symbol: ADCALR
   Definitions
      At line 57 in file ..\Library\Device\Nuvoton\NUC100Series\Source\ARM\star
tup_NUC100Series.s
   Uses
      None
Comment: ADCALR unused
ADCFCR 00000038

Symbol: ADCFCR
   Definitions
      At line 58 in file ..\Library\Device\Nuvoton\NUC100Series\Source\ARM\star
tup_NUC100Series.s
   Uses
      None
Comment: ADCFCR unused
ADCHER 00000024

Symbol: ADCHER
   Definitions
      At line 53 in file ..\Library\Device\Nuvoton\NUC100Series\Source\ARM\star
tup_NUC100Series.s
   Uses
      None
Comment: ADCHER unused
ADCMPR0 00000028

Symbol: ADCMPR0
   Definitions
      At line 54 in file ..\Library\Device\Nuvoton\NUC100Series\Source\ARM\star
tup_NUC100Series.s
   Uses
      None
Comment: ADCMPR0 unused
ADCMPR1 0000002C

Symbol: ADCMPR1
   Definitions
      At line 55 in file ..\Library\Device\Nuvoton\NUC100Series\Source\ARM\star
tup_NUC100Series.s
   Uses
      None
Comment: ADCMPR1 unused
ADCR 00000020

Symbol: ADCR
   Definitions
      At line 52 in file ..\Library\Device\Nuvoton\NUC100Series\Source\ARM\star



ARM Macro Assembler    Page 2 Alphabetic symbol ordering
Absolute symbols

tup_NUC100Series.s
   Uses
      None
Comment: ADCR unused
ADC_COMP_CLK 50000208

Symbol: ADC_COMP_CLK
   Definitions
      At line 23 in file ..\Library\Device\Nuvoton\NUC100Series\Source\ARM\star
tup_NUC100Series.s
   Uses
      None
Comment: ADC_COMP_CLK unused
ADC_PDMA_CFG 00002980

Symbol: ADC_PDMA_CFG
   Definitions
      At line 125 in file ..\Library\Device\Nuvoton\NUC100Series\Source\ARM\sta
rtup_NUC100Series.s
   Uses
      None
Comment: ADC_PDMA_CFG unused
ADC_PDMA_DST C0000000

Symbol: ADC_PDMA_DST
   Definitions
      At line 126 in file ..\Library\Device\Nuvoton\NUC100Series\Source\ARM\sta
rtup_NUC100Series.s
   Uses
      None
Comment: ADC_PDMA_DST unused
ADC_PDMA_SRC E0024200

Symbol: ADC_PDMA_SRC
   Definitions
      At line 127 in file ..\Library\Device\Nuvoton\NUC100Series\Source\ARM\sta
rtup_NUC100Series.s
   Uses
      None
Comment: ADC_PDMA_SRC unused
ADC_PDMA_TCBL 00030008

Symbol: ADC_PDMA_TCBL
   Definitions
      At line 128 in file ..\Library\Device\Nuvoton\NUC100Series\Source\ARM\sta
rtup_NUC100Series.s
   Uses
      None
Comment: ADC_PDMA_TCBL unused
ADC_base 400E0000

Symbol: ADC_base
   Definitions
      At line 43 in file ..\Library\Device\Nuvoton\NUC100Series\Source\ARM\star
tup_NUC100Series.s
   Uses
      None
Comment: ADC_base unused
ADC_enable 10000000



ARM Macro Assembler    Page 3 Alphabetic symbol ordering
Absolute symbols


Symbol: ADC_enable
   Definitions
      At line 24 in file ..\Library\Device\Nuvoton\NUC100Series\Source\ARM\star
tup_NUC100Series.s
   Uses
      None
Comment: ADC_enable unused
ADDR0 00000000

Symbol: ADDR0
   Definitions
      At line 44 in file ..\Library\Device\Nuvoton\NUC100Series\Source\ARM\star
tup_NUC100Series.s
   Uses
      None
Comment: ADDR0 unused
ADDR1 00000004

Symbol: ADDR1
   Definitions
      At line 45 in file ..\Library\Device\Nuvoton\NUC100Series\Source\ARM\star
tup_NUC100Series.s
   Uses
      None
Comment: ADDR1 unused
ADDR2 00000008

Symbol: ADDR2
   Definitions
      At line 46 in file ..\Library\Device\Nuvoton\NUC100Series\Source\ARM\star
tup_NUC100Series.s
   Uses
      None
Comment: ADDR2 unused
ADDR3 0000000C

Symbol: ADDR3
   Definitions
      At line 47 in file ..\Library\Device\Nuvoton\NUC100Series\Source\ARM\star
tup_NUC100Series.s
   Uses
      None
Comment: ADDR3 unused
ADDR4 00000010

Symbol: ADDR4
   Definitions
      At line 48 in file ..\Library\Device\Nuvoton\NUC100Series\Source\ARM\star
tup_NUC100Series.s
   Uses
      None
Comment: ADDR4 unused
ADDR5 00000014

Symbol: ADDR5
   Definitions
      At line 49 in file ..\Library\Device\Nuvoton\NUC100Series\Source\ARM\star
tup_NUC100Series.s



ARM Macro Assembler    Page 4 Alphabetic symbol ordering
Absolute symbols

   Uses
      None
Comment: ADDR5 unused
ADDR6 00000018

Symbol: ADDR6
   Definitions
      At line 50 in file ..\Library\Device\Nuvoton\NUC100Series\Source\ARM\star
tup_NUC100Series.s
   Uses
      None
Comment: ADDR6 unused
ADDR7 0000001C

Symbol: ADDR7
   Definitions
      At line 51 in file ..\Library\Device\Nuvoton\NUC100Series\Source\ARM\star
tup_NUC100Series.s
   Uses
      None
Comment: ADDR7 unused
ADSR 00000030

Symbol: ADSR
   Definitions
      At line 56 in file ..\Library\Device\Nuvoton\NUC100Series\Source\ARM\star
tup_NUC100Series.s
   Uses
      None
Comment: ADSR unused
AHBCLK 00000004

Symbol: AHBCLK
   Definitions
      At line 11 in file ..\Library\Device\Nuvoton\NUC100Series\Source\ARM\star
tup_NUC100Series.s
   Uses
      None
Comment: AHBCLK unused
APBCLK 00000008

Symbol: APBCLK
   Definitions
      At line 12 in file ..\Library\Device\Nuvoton\NUC100Series\Source\ARM\star
tup_NUC100Series.s
   Uses
      None
Comment: APBCLK unused
CLKDIV 00000018

Symbol: CLKDIV
   Definitions
      At line 15 in file ..\Library\Device\Nuvoton\NUC100Series\Source\ARM\star
tup_NUC100Series.s
   Uses
      None
Comment: CLKDIV unused
CLKSEL0 00000010




ARM Macro Assembler    Page 5 Alphabetic symbol ordering
Absolute symbols

Symbol: CLKSEL0
   Definitions
      At line 13 in file ..\Library\Device\Nuvoton\NUC100Series\Source\ARM\star
tup_NUC100Series.s
   Uses
      None
Comment: CLKSEL0 unused
CLKSEL1 00000014

Symbol: CLKSEL1
   Definitions
      At line 14 in file ..\Library\Device\Nuvoton\NUC100Series\Source\ARM\star
tup_NUC100Series.s
   Uses
      None
Comment: CLKSEL1 unused
CLK_BA_APBCLK 50000208

Symbol: CLK_BA_APBCLK
   Definitions
      At line 19 in file ..\Library\Device\Nuvoton\NUC100Series\Source\ARM\star
tup_NUC100Series.s
   Uses
      None
Comment: CLK_BA_APBCLK unused
CLK_BA_base 50000200

Symbol: CLK_BA_base
   Definitions
      At line 9 in file ..\Library\Device\Nuvoton\NUC100Series\Source\ARM\start
up_NUC100Series.s
   Uses
      None
Comment: CLK_BA_base unused
CMP1CR 00000000

Symbol: CMP1CR
   Definitions
      At line 38 in file ..\Library\Device\Nuvoton\NUC100Series\Source\ARM\star
tup_NUC100Series.s
   Uses
      None
Comment: CMP1CR unused
CMP2CR 00000004

Symbol: CMP2CR
   Definitions
      At line 39 in file ..\Library\Device\Nuvoton\NUC100Series\Source\ARM\star
tup_NUC100Series.s
   Uses
      None
Comment: CMP2CR unused
CMPSR 00000008

Symbol: CMPSR
   Definitions
      At line 40 in file ..\Library\Device\Nuvoton\NUC100Series\Source\ARM\star
tup_NUC100Series.s
   Uses



ARM Macro Assembler    Page 6 Alphabetic symbol ordering
Absolute symbols

      None
Comment: CMPSR unused
COMP_base 400D0000

Symbol: COMP_base
   Definitions
      At line 37 in file ..\Library\Device\Nuvoton\NUC100Series\Source\ARM\star
tup_NUC100Series.s
   Uses
      None
Comment: COMP_base unused
COMP_enable 40000000

Symbol: COMP_enable
   Definitions
      At line 25 in file ..\Library\Device\Nuvoton\NUC100Series\Source\ARM\star
tup_NUC100Series.s
   Uses
      None
Comment: COMP_enable unused
GCR_base 50000000

Symbol: GCR_base
   Definitions
      At line 147 in file ..\Library\Device\Nuvoton\NUC100Series\Source\ARM\sta
rtup_NUC100Series.s
   Uses
      None
Comment: GCR_base unused
GPB_MFP 00000034

Symbol: GPB_MFP
   Definitions
      At line 148 in file ..\Library\Device\Nuvoton\NUC100Series\Source\ARM\sta
rtup_NUC100Series.s
   Uses
      None
Comment: GPB_MFP unused
GPIOB_DBEN 00000054

Symbol: GPIOB_DBEN
   Definitions
      At line 139 in file ..\Library\Device\Nuvoton\NUC100Series\Source\ARM\sta
rtup_NUC100Series.s
   Uses
      None
Comment: GPIOB_DBEN unused
GPIOB_DMASK 0000004C

Symbol: GPIOB_DMASK
   Definitions
      At line 137 in file ..\Library\Device\Nuvoton\NUC100Series\Source\ARM\sta
rtup_NUC100Series.s
   Uses
      None
Comment: GPIOB_DMASK unused
GPIOB_DOUT 00000048

Symbol: GPIOB_DOUT



ARM Macro Assembler    Page 7 Alphabetic symbol ordering
Absolute symbols

   Definitions
      At line 136 in file ..\Library\Device\Nuvoton\NUC100Series\Source\ARM\sta
rtup_NUC100Series.s
   Uses
      None
Comment: GPIOB_DOUT unused
GPIOB_IEN 0000005C

Symbol: GPIOB_IEN
   Definitions
      At line 141 in file ..\Library\Device\Nuvoton\NUC100Series\Source\ARM\sta
rtup_NUC100Series.s
   Uses
      None
Comment: GPIOB_IEN unused
GPIOB_IMD 00000058

Symbol: GPIOB_IMD
   Definitions
      At line 140 in file ..\Library\Device\Nuvoton\NUC100Series\Source\ARM\sta
rtup_NUC100Series.s
   Uses
      None
Comment: GPIOB_IMD unused
GPIOB_ISRC 00000060

Symbol: GPIOB_ISRC
   Definitions
      At line 142 in file ..\Library\Device\Nuvoton\NUC100Series\Source\ARM\sta
rtup_NUC100Series.s
   Uses
      None
Comment: GPIOB_ISRC unused
GPIOB_OFFD 00000044

Symbol: GPIOB_OFFD
   Definitions
      At line 135 in file ..\Library\Device\Nuvoton\NUC100Series\Source\ARM\sta
rtup_NUC100Series.s
   Uses
      None
Comment: GPIOB_OFFD unused
GPIOB_PIN 00000050

Symbol: GPIOB_PIN
   Definitions
      At line 138 in file ..\Library\Device\Nuvoton\NUC100Series\Source\ARM\sta
rtup_NUC100Series.s
   Uses
      None
Comment: GPIOB_PIN unused
GPIOB_PMD 00000040

Symbol: GPIOB_PMD
   Definitions
      At line 134 in file ..\Library\Device\Nuvoton\NUC100Series\Source\ARM\sta
rtup_NUC100Series.s
   Uses
      None



ARM Macro Assembler    Page 8 Alphabetic symbol ordering
Absolute symbols

Comment: GPIOB_PMD unused
GPIO_base 50004000

Symbol: GPIO_base
   Definitions
      At line 133 in file ..\Library\Device\Nuvoton\NUC100Series\Source\ARM\sta
rtup_NUC100Series.s
   Uses
      None
Comment: GPIO_base unused
Heap_Size 00000000

Symbol: Heap_Size
   Definitions
      At line 176 in file ..\Library\Device\Nuvoton\NUC100Series\Source\ARM\sta
rtup_NUC100Series.s
   Uses
      At line 181 in file ..\Library\Device\Nuvoton\NUC100Series\Source\ARM\sta
rtup_NUC100Series.s
Comment: Heap_Size used once
INT_BA_base 50000300

Symbol: INT_BA_base
   Definitions
      At line 121 in file ..\Library\Device\Nuvoton\NUC100Series\Source\ARM\sta
rtup_NUC100Series.s
   Uses
      None
Comment: INT_BA_base unused
PDMA_BA_GCR 50008F00

Symbol: PDMA_BA_GCR
   Definitions
      At line 79 in file ..\Library\Device\Nuvoton\NUC100Series\Source\ARM\star
tup_NUC100Series.s
   Uses
      None
Comment: PDMA_BA_GCR unused
PDMA_BA_GCR_base 50008F00

Symbol: PDMA_BA_GCR_base
   Definitions
      At line 80 in file ..\Library\Device\Nuvoton\NUC100Series\Source\ARM\star
tup_NUC100Series.s
   Uses
      None
Comment: PDMA_BA_GCR_base unused
PDMA_BA_ch0_base 50008000

Symbol: PDMA_BA_ch0_base
   Definitions
      At line 70 in file ..\Library\Device\Nuvoton\NUC100Series\Source\ARM\star
tup_NUC100Series.s
   Uses
      None
Comment: PDMA_BA_ch0_base unused
PDMA_BA_ch1_base 50008100

Symbol: PDMA_BA_ch1_base



ARM Macro Assembler    Page 9 Alphabetic symbol ordering
Absolute symbols

   Definitions
      At line 71 in file ..\Library\Device\Nuvoton\NUC100Series\Source\ARM\star
tup_NUC100Series.s
   Uses
      None
Comment: PDMA_BA_ch1_base unused
PDMA_BA_ch2_base 50008200

Symbol: PDMA_BA_ch2_base
   Definitions
      At line 72 in file ..\Library\Device\Nuvoton\NUC100Series\Source\ARM\star
tup_NUC100Series.s
   Uses
      None
Comment: PDMA_BA_ch2_base unused
PDMA_BA_ch3_base 50008300

Symbol: PDMA_BA_ch3_base
   Definitions
      At line 73 in file ..\Library\Device\Nuvoton\NUC100Series\Source\ARM\star
tup_NUC100Series.s
   Uses
      None
Comment: PDMA_BA_ch3_base unused
PDMA_BA_ch4_base 50008400

Symbol: PDMA_BA_ch4_base
   Definitions
      At line 74 in file ..\Library\Device\Nuvoton\NUC100Series\Source\ARM\star
tup_NUC100Series.s
   Uses
      None
Comment: PDMA_BA_ch4_base unused
PDMA_BA_ch5_base 50008500

Symbol: PDMA_BA_ch5_base
   Definitions
      At line 75 in file ..\Library\Device\Nuvoton\NUC100Series\Source\ARM\star
tup_NUC100Series.s
   Uses
      None
Comment: PDMA_BA_ch5_base unused
PDMA_BA_ch6_base 50008600

Symbol: PDMA_BA_ch6_base
   Definitions
      At line 76 in file ..\Library\Device\Nuvoton\NUC100Series\Source\ARM\star
tup_NUC100Series.s
   Uses
      None
Comment: PDMA_BA_ch6_base unused
PDMA_BA_ch7_base 50008700

Symbol: PDMA_BA_ch7_base
   Definitions
      At line 77 in file ..\Library\Device\Nuvoton\NUC100Series\Source\ARM\star
tup_NUC100Series.s
   Uses
      None



ARM Macro Assembler    Page 10 Alphabetic symbol ordering
Absolute symbols

Comment: PDMA_BA_ch7_base unused
PDMA_BCR 0000000C

Symbol: PDMA_BCR
   Definitions
      At line 93 in file ..\Library\Device\Nuvoton\NUC100Series\Source\ARM\star
tup_NUC100Series.s
   Uses
      None
Comment: PDMA_BCR unused
PDMA_CBSR 0000001C

Symbol: PDMA_CBSR
   Definitions
      At line 96 in file ..\Library\Device\Nuvoton\NUC100Series\Source\ARM\star
tup_NUC100Series.s
   Uses
      None
Comment: PDMA_CBSR unused
PDMA_CDAR 00000018

Symbol: PDMA_CDAR
   Definitions
      At line 95 in file ..\Library\Device\Nuvoton\NUC100Series\Source\ARM\star
tup_NUC100Series.s
   Uses
      None
Comment: PDMA_CDAR unused
PDMA_CLK 50000204

Symbol: PDMA_CLK
   Definitions
      At line 27 in file ..\Library\Device\Nuvoton\NUC100Series\Source\ARM\star
tup_NUC100Series.s
   Uses
      None
Comment: PDMA_CLK unused
PDMA_CSAR 00000014

Symbol: PDMA_CSAR
   Definitions
      At line 94 in file ..\Library\Device\Nuvoton\NUC100Series\Source\ARM\star
tup_NUC100Series.s
   Uses
      None
Comment: PDMA_CSAR unused
PDMA_CSR 00000000

Symbol: PDMA_CSR
   Definitions
      At line 90 in file ..\Library\Device\Nuvoton\NUC100Series\Source\ARM\star
tup_NUC100Series.s
   Uses
      None
Comment: PDMA_CSR unused
PDMA_CTCSR 00000028

Symbol: PDMA_CTCSR
   Definitions



ARM Macro Assembler    Page 11 Alphabetic symbol ordering
Absolute symbols

      At line 99 in file ..\Library\Device\Nuvoton\NUC100Series\Source\ARM\star
tup_NUC100Series.s
   Uses
      None
Comment: PDMA_CTCSR unused
PDMA_DAR 00000008

Symbol: PDMA_DAR
   Definitions
      At line 92 in file ..\Library\Device\Nuvoton\NUC100Series\Source\ARM\star
tup_NUC100Series.s
   Uses
      None
Comment: PDMA_DAR unused
PDMA_DASOCR 00000030

Symbol: PDMA_DASOCR
   Definitions
      At line 101 in file ..\Library\Device\Nuvoton\NUC100Series\Source\ARM\sta
rtup_NUC100Series.s
   Uses
      None
Comment: PDMA_DASOCR unused
PDMA_GCRCSR 00000000

Symbol: PDMA_GCRCSR
   Definitions
      At line 82 in file ..\Library\Device\Nuvoton\NUC100Series\Source\ARM\star
tup_NUC100Series.s
   Uses
      None
Comment: PDMA_GCRCSR unused
PDMA_GCRISR 0000000C

Symbol: PDMA_GCRISR
   Definitions
      At line 85 in file ..\Library\Device\Nuvoton\NUC100Series\Source\ARM\star
tup_NUC100Series.s
   Uses
      None
Comment: PDMA_GCRISR unused
PDMA_GLOBAL_enable 0000FF00

Symbol: PDMA_GLOBAL_enable
   Definitions
      At line 87 in file ..\Library\Device\Nuvoton\NUC100Series\Source\ARM\star
tup_NUC100Series.s
   Uses
      None
Comment: PDMA_GLOBAL_enable unused
PDMA_IER 00000020

Symbol: PDMA_IER
   Definitions
      At line 97 in file ..\Library\Device\Nuvoton\NUC100Series\Source\ARM\star
tup_NUC100Series.s
   Uses
      None
Comment: PDMA_IER unused



ARM Macro Assembler    Page 12 Alphabetic symbol ordering
Absolute symbols

PDMA_ISR 00000024

Symbol: PDMA_ISR
   Definitions
      At line 98 in file ..\Library\Device\Nuvoton\NUC100Series\Source\ARM\star
tup_NUC100Series.s
   Uses
      None
Comment: PDMA_ISR unused
PDMA_PDSSR1 00000008

Symbol: PDMA_PDSSR1
   Definitions
      At line 84 in file ..\Library\Device\Nuvoton\NUC100Series\Source\ARM\star
tup_NUC100Series.s
   Uses
      None
Comment: PDMA_PDSSR1 unused
PDMA_PDSSR2 00000004

Symbol: PDMA_PDSSR2
   Definitions
      At line 83 in file ..\Library\Device\Nuvoton\NUC100Series\Source\ARM\star
tup_NUC100Series.s
   Uses
      None
Comment: PDMA_PDSSR2 unused
PDMA_SAR 00000004

Symbol: PDMA_SAR
   Definitions
      At line 91 in file ..\Library\Device\Nuvoton\NUC100Series\Source\ARM\star
tup_NUC100Series.s
   Uses
      None
Comment: PDMA_SAR unused
PDMA_SASOCR 0000002C

Symbol: PDMA_SASOCR
   Definitions
      At line 100 in file ..\Library\Device\Nuvoton\NUC100Series\Source\ARM\sta
rtup_NUC100Series.s
   Uses
      None
Comment: PDMA_SASOCR unused
PDMA_SBUF0 00000080

Symbol: PDMA_SBUF0
   Definitions
      At line 102 in file ..\Library\Device\Nuvoton\NUC100Series\Source\ARM\sta
rtup_NUC100Series.s
   Uses
      None
Comment: PDMA_SBUF0 unused
PDMA_SBUF1 00000084

Symbol: PDMA_SBUF1
   Definitions
      At line 103 in file ..\Library\Device\Nuvoton\NUC100Series\Source\ARM\sta



ARM Macro Assembler    Page 13 Alphabetic symbol ordering
Absolute symbols

rtup_NUC100Series.s
   Uses
      None
Comment: PDMA_SBUF1 unused
PDMA_SBUF2 00000088

Symbol: PDMA_SBUF2
   Definitions
      At line 104 in file ..\Library\Device\Nuvoton\NUC100Series\Source\ARM\sta
rtup_NUC100Series.s
   Uses
      None
Comment: PDMA_SBUF2 unused
PDMA_SBUF3 0000008C

Symbol: PDMA_SBUF3
   Definitions
      At line 105 in file ..\Library\Device\Nuvoton\NUC100Series\Source\ARM\sta
rtup_NUC100Series.s
   Uses
      None
Comment: PDMA_SBUF3 unused
PDMA_enable 00000003

Symbol: PDMA_enable
   Definitions
      At line 28 in file ..\Library\Device\Nuvoton\NUC100Series\Source\ARM\star
tup_NUC100Series.s
   Uses
      None
Comment: PDMA_enable unused
PLLCON 00000020

Symbol: PLLCON
   Definitions
      At line 16 in file ..\Library\Device\Nuvoton\NUC100Series\Source\ARM\star
tup_NUC100Series.s
   Uses
      None
Comment: PLLCON unused
PWRCON 00000000

Symbol: PWRCON
   Definitions
      At line 10 in file ..\Library\Device\Nuvoton\NUC100Series\Source\ARM\star
tup_NUC100Series.s
   Uses
      None
Comment: PWRCON unused
Stack_Size 00000400

Symbol: Stack_Size
   Definitions
      At line 163 in file ..\Library\Device\Nuvoton\NUC100Series\Source\ARM\sta
rtup_NUC100Series.s
   Uses
      At line 167 in file ..\Library\Device\Nuvoton\NUC100Series\Source\ARM\sta
rtup_NUC100Series.s
Comment: Stack_Size used once



ARM Macro Assembler    Page 14 Alphabetic symbol ordering
Absolute symbols

TEST_S 00000030

Symbol: TEST_S
   Definitions
      At line 17 in file ..\Library\Device\Nuvoton\NUC100Series\Source\ARM\star
tup_NUC100Series.s
   Uses
      None
Comment: TEST_S unused
VIC_EOSCR 00000130

Symbol: VIC_EOSCR
   Definitions
      At line 118 in file ..\Library\Device\Nuvoton\NUC100Series\Source\ARM\sta
rtup_NUC100Series.s
   Uses
      None
Comment: VIC_EOSCR unused
VIC_MDCR 0000031C

Symbol: VIC_MDCR
   Definitions
      At line 117 in file ..\Library\Device\Nuvoton\NUC100Series\Source\ARM\sta
rtup_NUC100Series.s
   Uses
      None
Comment: VIC_MDCR unused
VIC_MECR 00000318

Symbol: VIC_MECR
   Definitions
      At line 116 in file ..\Library\Device\Nuvoton\NUC100Series\Source\ARM\sta
rtup_NUC100Series.s
   Uses
      None
Comment: VIC_MECR unused
VIC_SCR15 0000003C

Symbol: VIC_SCR15
   Definitions
      At line 110 in file ..\Library\Device\Nuvoton\NUC100Series\Source\ARM\sta
rtup_NUC100Series.s
   Uses
      None
Comment: VIC_SCR15 unused
VIC_SCR16 00000040

Symbol: VIC_SCR16
   Definitions
      At line 112 in file ..\Library\Device\Nuvoton\NUC100Series\Source\ARM\sta
rtup_NUC100Series.s
   Uses
      None
Comment: VIC_SCR16 unused
VIC_SCR30 00000078

Symbol: VIC_SCR30
   Definitions
      At line 114 in file ..\Library\Device\Nuvoton\NUC100Series\Source\ARM\sta



ARM Macro Assembler    Page 15 Alphabetic symbol ordering
Absolute symbols

rtup_NUC100Series.s
   Uses
      None
Comment: VIC_SCR30 unused
VIC_SVR15 000000BC

Symbol: VIC_SVR15
   Definitions
      At line 111 in file ..\Library\Device\Nuvoton\NUC100Series\Source\ARM\sta
rtup_NUC100Series.s
   Uses
      None
Comment: VIC_SVR15 unused
VIC_SVR16 000000C0

Symbol: VIC_SVR16
   Definitions
      At line 113 in file ..\Library\Device\Nuvoton\NUC100Series\Source\ARM\sta
rtup_NUC100Series.s
   Uses
      None
Comment: VIC_SVR16 unused
VIC_SVR30 000000F8

Symbol: VIC_SVR30
   Definitions
      At line 115 in file ..\Library\Device\Nuvoton\NUC100Series\Source\ARM\sta
rtup_NUC100Series.s
   Uses
      None
Comment: VIC_SVR30 unused
VIC_base FFFF0000

Symbol: VIC_base
   Definitions
      At line 109 in file ..\Library\Device\Nuvoton\NUC100Series\Source\ARM\sta
rtup_NUC100Series.s
   Uses
      None
Comment: VIC_base unused
pattern_00005555 00005555

Symbol: pattern_00005555
   Definitions
      At line 64 in file ..\Library\Device\Nuvoton\NUC100Series\Source\ARM\star
tup_NUC100Series.s
   Uses
      None
Comment: pattern_00005555 unused
pattern_0000aaaa 0000AAAA

Symbol: pattern_0000aaaa
   Definitions
      At line 65 in file ..\Library\Device\Nuvoton\NUC100Series\Source\ARM\star
tup_NUC100Series.s
   Uses
      None
Comment: pattern_0000aaaa unused
pattern_05550515 05550515



ARM Macro Assembler    Page 16 Alphabetic symbol ordering
Absolute symbols


Symbol: pattern_05550515
   Definitions
      At line 66 in file ..\Library\Device\Nuvoton\NUC100Series\Source\ARM\star
tup_NUC100Series.s
   Uses
      None
Comment: pattern_05550515 unused
pattern_0aaa0a2a 0AAA0A2A

Symbol: pattern_0aaa0a2a
   Definitions
      At line 67 in file ..\Library\Device\Nuvoton\NUC100Series\Source\ARM\star
tup_NUC100Series.s
   Uses
      None
Comment: pattern_0aaa0a2a unused
pattern_55555555 55555555

Symbol: pattern_55555555
   Definitions
      At line 62 in file ..\Library\Device\Nuvoton\NUC100Series\Source\ARM\star
tup_NUC100Series.s
   Uses
      None
Comment: pattern_55555555 unused
pattern_aaaaaaaa AAAAAAAA

Symbol: pattern_aaaaaaaa
   Definitions
      At line 63 in file ..\Library\Device\Nuvoton\NUC100Series\Source\ARM\star
tup_NUC100Series.s
   Uses
      None
Comment: pattern_aaaaaaaa unused
102 symbols



ARM Macro Assembler    Page 1 Alphabetic symbol ordering
External symbols

SystemInit 00000000

Symbol: SystemInit
   Definitions
      At line 261 in file ..\Library\Device\Nuvoton\NUC100Series\Source\ARM\sta
rtup_NUC100Series.s
   Uses
      At line 282 in file ..\Library\Device\Nuvoton\NUC100Series\Source\ARM\sta
rtup_NUC100Series.s
Comment: SystemInit used once
__main 00000000

Symbol: __main
   Definitions
      At line 262 in file ..\Library\Device\Nuvoton\NUC100Series\Source\ARM\sta
rtup_NUC100Series.s
   Uses
      At line 284 in file ..\Library\Device\Nuvoton\NUC100Series\Source\ARM\sta
rtup_NUC100Series.s
Comment: __main used once
2 symbols
490 symbols in table
