Component: ARM Compiler 5.06 update 5 (build 528) Tool: armlink [4d35e2]

==============================================================================

Small function inlining results

Inlined total of 0 calls.

==============================================================================

Section Cross References

    system_nuc100series.o(i.SystemCoreClockUpdate) refers to uidiv.o(.text) for __aeabi_uidivmod
    system_nuc100series.o(i.SystemCoreClockUpdate) refers to system_nuc100series.o(.data) for .data
    startup_nuc100series.o(RESET) refers to startup_nuc100series.o(STACK) for __initial_sp
    startup_nuc100series.o(RESET) refers to startup_nuc100series.o(.text) for Reset_Handler
    startup_nuc100series.o(.text) refers to system_nuc100series.o(i.SystemInit) for SystemInit
    startup_nuc100series.o(.text) refers to entry.o(.ARM.Collect$$$$00000000) for __main
    clk.o(i.CLK_DisableCKO) refers to clk.o(i.CLK_DisableModuleClock) for CLK_DisableModuleClock
    clk.o(i.CLK_DisableModuleClock) refers to clk.o(.constdata) for .constdata
    clk.o(i.CLK_EnableCKO) refers to clk.o(i.CLK_EnableModuleClock) for CLK_EnableModuleClock
    clk.o(i.CLK_EnableCKO) refers to clk.o(i.CLK_SetModuleClock) for CLK_SetModuleClock
    clk.o(i.CLK_EnableModuleClock) refers to clk.o(.constdata) for .constdata
    clk.o(i.CLK_EnablePLL) refers to clk.o(i.CLK_WaitClockReady) for CLK_WaitClockReady
    clk.o(i.CLK_EnablePLL) refers to uidiv.o(.text) for __aeabi_uidivmod
    clk.o(i.CLK_GetCPUFreq) refers to system_nuc100series.o(i.SystemCoreClockUpdate) for SystemCoreClockUpdate
    clk.o(i.CLK_GetCPUFreq) refers to system_nuc100series.o(.data) for SystemCoreClock
    clk.o(i.CLK_GetHCLKFreq) refers to system_nuc100series.o(i.SystemCoreClockUpdate) for SystemCoreClockUpdate
    clk.o(i.CLK_GetHCLKFreq) refers to system_nuc100series.o(.data) for SystemCoreClock
    clk.o(i.CLK_GetPCLKFreq) refers to system_nuc100series.o(i.SystemCoreClockUpdate) for SystemCoreClockUpdate
    clk.o(i.CLK_GetPCLKFreq) refers to system_nuc100series.o(.data) for SystemCoreClock
    clk.o(i.CLK_SetCoreClock) refers to clk.o(i.CLK_EnablePLL) for CLK_EnablePLL
    clk.o(i.CLK_SetCoreClock) refers to clk.o(i.CLK_SetHCLK) for CLK_SetHCLK
    clk.o(i.CLK_SetHCLK) refers to system_nuc100series.o(i.SystemCoreClockUpdate) for SystemCoreClockUpdate
    clk.o(i.CLK_SetModuleClock) refers to clk.o(.constdata) for .constdata
    spi.o(i.CLK_GetPLLClockFreq) refers to uidiv.o(.text) for __aeabi_uidivmod
    spi.o(i.SPI_GetBusClock) refers to clk.o(i.CLK_GetHCLKFreq) for CLK_GetHCLKFreq
    spi.o(i.SPI_GetBusClock) refers to spi.o(i.CLK_GetPLLClockFreq) for CLK_GetPLLClockFreq
    spi.o(i.SPI_GetBusClock) refers to uidiv.o(.text) for __aeabi_uidivmod
    spi.o(i.SPI_Open) refers to clk.o(i.CLK_GetHCLKFreq) for CLK_GetHCLKFreq
    spi.o(i.SPI_Open) refers to spi.o(i.CLK_GetPLLClockFreq) for CLK_GetPLLClockFreq
    spi.o(i.SPI_Open) refers to uidiv.o(.text) for __aeabi_uidivmod
    spi.o(i.SPI_SetBusClock) refers to clk.o(i.CLK_GetHCLKFreq) for CLK_GetHCLKFreq
    spi.o(i.SPI_SetBusClock) refers to spi.o(i.CLK_GetPLLClockFreq) for CLK_GetPLLClockFreq
    spi.o(i.SPI_SetBusClock) refers to uidiv.o(.text) for __aeabi_uidivmod
    uart.o(i.CLK_GetPLLClockFreq) refers to uidiv.o(.text) for __aeabi_uidivmod
    uart.o(i.UART_Open) refers to uart.o(i.CLK_GetPLLClockFreq) for CLK_GetPLLClockFreq
    uart.o(i.UART_Open) refers to uidiv.o(.text) for __aeabi_uidivmod
    uart.o(i.UART_Open) refers to uart.o(.constdata) for .constdata
    uart.o(i.UART_SelectIrDAMode) refers to uart.o(i.CLK_GetPLLClockFreq) for CLK_GetPLLClockFreq
    uart.o(i.UART_SelectIrDAMode) refers to uidiv.o(.text) for __aeabi_uidivmod
    uart.o(i.UART_SelectIrDAMode) refers to uart.o(.constdata) for .constdata
    uart.o(i.UART_SetLine_Config) refers to uart.o(i.CLK_GetPLLClockFreq) for CLK_GetPLLClockFreq
    uart.o(i.UART_SetLine_Config) refers to uidiv.o(.text) for __aeabi_uidivmod
    uart.o(i.UART_SetLine_Config) refers to uart.o(.constdata) for .constdata
    main.o(i.main) refers to sys_init.o(i.SYS_Init) for SYS_Init
    main.o(i.main) refers to newlcd.o(i.init_LCD) for init_LCD
    main.o(i.main) refers to newlcd.o(i.init_lcd_buffer) for init_lcd_buffer
    main.o(i.main) refers to main.o(i.rand_hello_world) for rand_hello_world
    main.o(i.main) refers to newlcd.o(i.show_lcd_buffer) for show_lcd_buffer
    main.o(i.main) refers to newlcd.o(i.clear_lcd_buffer) for clear_lcd_buffer
    main.o(i.main) refers to system_nuc100series.o(.data) for CyclesPerUs
    main.o(i.rand_hello_world) refers to rand.o(.text) for rand
    main.o(i.rand_hello_world) refers to uidiv.o(.text) for __aeabi_uidivmod
    main.o(i.rand_hello_world) refers to idiv.o(.text) for __aeabi_idivmod
    main.o(i.rand_hello_world) refers to newlcd.o(i.print_s_in_buffer) for print_s_in_buffer
    sys_init.o(i.SYS_Init) refers to clk.o(i.CLK_EnableXtalRC) for CLK_EnableXtalRC
    sys_init.o(i.SYS_Init) refers to clk.o(i.CLK_WaitClockReady) for CLK_WaitClockReady
    sys_init.o(i.SYS_Init) refers to clk.o(i.CLK_SetCoreClock) for CLK_SetCoreClock
    sys_init.o(i.SYS_Init) refers to clk.o(i.CLK_EnableModuleClock) for CLK_EnableModuleClock
    sys_init.o(i.SYS_Init) refers to clk.o(i.CLK_SetModuleClock) for CLK_SetModuleClock
    newlcd.o(i.clear_lcd_buffer) refers to newlcd.o(.bss) for .bss
    newlcd.o(i.draw_bitmap_in_buffer) refers to newlcd.o(i.draw_pixel_in_buffer) for draw_pixel_in_buffer
    newlcd.o(i.draw_circle_in_buffer) refers to newlcd.o(i.draw_pixel_in_buffer) for draw_pixel_in_buffer
    newlcd.o(i.draw_circle_in_buffer) refers to newlcd.o(i.draw_line_in_buffer) for draw_line_in_buffer
    newlcd.o(i.draw_line_in_buffer) refers to newlcd.o(i.draw_pixel_in_buffer) for draw_pixel_in_buffer
    newlcd.o(i.draw_pixel_in_buffer) refers to newlcd.o(.bss) for .bss
    newlcd.o(i.draw_rectangle_in_buffer) refers to newlcd.o(i.draw_pixel_in_buffer) for draw_pixel_in_buffer
    newlcd.o(i.draw_triangle_in_buffer) refers to newlcd.o(i.draw_line_in_buffer) for draw_line_in_buffer
    newlcd.o(i.draw_triangle_in_buffer) refers to idiv.o(.text) for __aeabi_idivmod
    newlcd.o(i.get_lcd_buffer_bin) refers to newlcd.o(.bss) for .bss
    newlcd.o(i.init_LCD) refers to newlcd.o(i.init_SPI3) for init_SPI3
    newlcd.o(i.init_LCD) refers to newlcd.o(i.lcdWriteCommand) for lcdWriteCommand
    newlcd.o(i.init_SPI3) refers to spi.o(i.SPI_Open) for SPI_Open
    newlcd.o(i.init_SPI3) refers to spi.o(i.SPI_DisableAutoSS) for SPI_DisableAutoSS
    newlcd.o(i.init_lcd_buffer) refers to newlcd.o(i.lcdSetAddr) for lcdSetAddr
    newlcd.o(i.init_lcd_buffer) refers to newlcd.o(i.lcdWriteData) for lcdWriteData
    newlcd.o(i.init_lcd_buffer) refers to newlcd.o(.bss) for .bss
    newlcd.o(i.print_c_in_buffer) refers to newlcd.o(i.draw_bitmap_in_buffer) for draw_bitmap_in_buffer
    newlcd.o(i.print_c_in_buffer) refers to newlcd.o(.data) for .data
    newlcd.o(i.print_line_in_buffer) refers to newlcd.o(i.print_c_in_buffer) for print_c_in_buffer
    newlcd.o(i.print_line_in_buffer) refers to strlen.o(.text) for strlen
    newlcd.o(i.print_s_in_buffer) refers to newlcd.o(i.print_c_in_buffer) for print_c_in_buffer
    newlcd.o(i.print_s_in_buffer) refers to strlen.o(.text) for strlen
    newlcd.o(i.show_lcd_buffer) refers to newlcd.o(i.lcdSetAddr) for lcdSetAddr
    newlcd.o(i.show_lcd_buffer) refers to newlcd.o(i.lcdWriteData) for lcdWriteData
    newlcd.o(i.show_lcd_buffer) refers to newlcd.o(.bss) for .bss
    entry.o(.ARM.Collect$$$$00000000) refers (Special) to entry10a.o(.ARM.Collect$$$$0000000D) for __rt_final_cpp
    entry.o(.ARM.Collect$$$$00000000) refers (Special) to entry11a.o(.ARM.Collect$$$$0000000F) for __rt_final_exit
    entry.o(.ARM.Collect$$$$00000000) refers (Special) to entry7b.o(.ARM.Collect$$$$00000008) for _main_clock
    entry.o(.ARM.Collect$$$$00000000) refers (Special) to entry8b.o(.ARM.Collect$$$$0000000A) for _main_cpp_init
    entry.o(.ARM.Collect$$$$00000000) refers (Special) to entry9a.o(.ARM.Collect$$$$0000000B) for _main_init
    entry.o(.ARM.Collect$$$$00000000) refers (Special) to entry5.o(.ARM.Collect$$$$00000004) for _main_scatterload
    entry.o(.ARM.Collect$$$$00000000) refers (Special) to entry2.o(.ARM.Collect$$$$00000001) for _main_stk
    idiv.o(.text) refers to uidiv.o(.text) for __aeabi_uidivmod
    rand.o(.text) refers to rand.o(.data) for .data
    entry2.o(.ARM.Collect$$$$00000001) refers to entry2.o(.ARM.Collect$$$$00002712) for __lit__00000000
    entry2.o(.ARM.Collect$$$$00002712) refers to startup_nuc100series.o(STACK) for __initial_sp
    entry2.o(__vectab_stack_and_reset_area) refers to startup_nuc100series.o(STACK) for __initial_sp
    entry2.o(__vectab_stack_and_reset_area) refers to entry.o(.ARM.Collect$$$$00000000) for __main
    entry5.o(.ARM.Collect$$$$00000004) refers to init.o(.text) for __scatterload
    entry9a.o(.ARM.Collect$$$$0000000B) refers to main.o(i.main) for main
    entry9b.o(.ARM.Collect$$$$0000000C) refers to main.o(i.main) for main
    init.o(.text) refers to entry5.o(.ARM.Collect$$$$00000004) for __main_after_scatterload


==============================================================================

Removing Unused input sections from the image.

    Removing system_nuc100series.o(.rev16_text), (4 bytes).
    Removing system_nuc100series.o(.revsh_text), (4 bytes).
    Removing startup_nuc100series.o(HEAP), (0 bytes).
    Removing clk.o(.rev16_text), (4 bytes).
    Removing clk.o(.revsh_text), (4 bytes).
    Removing clk.o(i.CLK_DisableCKO), (16 bytes).
    Removing clk.o(i.CLK_DisableModuleClock), (48 bytes).
    Removing clk.o(i.CLK_DisablePLL), (16 bytes).
    Removing clk.o(i.CLK_DisableSysTick), (12 bytes).
    Removing clk.o(i.CLK_DisableXtalRC), (16 bytes).
    Removing clk.o(i.CLK_EnableCKO), (40 bytes).
    Removing clk.o(i.CLK_EnableSysTick), (56 bytes).
    Removing clk.o(i.CLK_GetCPUFreq), (16 bytes).
    Removing clk.o(i.CLK_GetHXTFreq), (20 bytes).
    Removing clk.o(i.CLK_GetLXTFreq), (24 bytes).
    Removing clk.o(i.CLK_GetPCLKFreq), (16 bytes).
    Removing clk.o(i.CLK_Idle), (32 bytes).
    Removing clk.o(i.CLK_PowerDown), (36 bytes).
    Removing clk.o(i.CLK_SetSysTickClockSrc), (20 bytes).
    Removing spi.o(.rev16_text), (4 bytes).
    Removing spi.o(.revsh_text), (4 bytes).
    Removing spi.o(i.SPI_ClearIntFlag), (48 bytes).
    Removing spi.o(i.SPI_ClearRxFIFO), (10 bytes).
    Removing spi.o(i.SPI_ClearTxFIFO), (10 bytes).
    Removing spi.o(i.SPI_Close), (72 bytes).
    Removing spi.o(i.SPI_DisableFIFO), (12 bytes).
    Removing spi.o(i.SPI_DisableInt), (80 bytes).
    Removing spi.o(i.SPI_EnableAutoSS), (18 bytes).
    Removing spi.o(i.SPI_EnableFIFO), (30 bytes).
    Removing spi.o(i.SPI_EnableInt), (80 bytes).
    Removing spi.o(i.SPI_GetBusClock), (100 bytes).
    Removing spi.o(i.SPI_GetIntFlag), (88 bytes).
    Removing spi.o(i.SPI_GetStatus), (74 bytes).
    Removing spi.o(i.SPI_SetBusClock), (284 bytes).
    Removing uart.o(.rev16_text), (4 bytes).
    Removing uart.o(.revsh_text), (4 bytes).
    Removing uart.o(i.CLK_GetPLLClockFreq), (88 bytes).
    Removing uart.o(i.UART_ClearIntFlag), (56 bytes).
    Removing uart.o(i.UART_Close), (6 bytes).
    Removing uart.o(i.UART_DisableFlowCtrl), (12 bytes).
    Removing uart.o(i.UART_DisableInt), (48 bytes).
    Removing uart.o(i.UART_EnableFlowCtrl), (30 bytes).
    Removing uart.o(i.UART_EnableInt), (48 bytes).
    Removing uart.o(i.UART_Open), (136 bytes).
    Removing uart.o(i.UART_Read), (44 bytes).
    Removing uart.o(i.UART_SelectIrDAMode), (132 bytes).
    Removing uart.o(i.UART_SelectLINMode), (24 bytes).
    Removing uart.o(i.UART_SelectRS485Mode), (32 bytes).
    Removing uart.o(i.UART_SetLine_Config), (128 bytes).
    Removing uart.o(i.UART_SetTimeoutCnt), (22 bytes).
    Removing uart.o(i.UART_Write), (44 bytes).
    Removing uart.o(.constdata), (48 bytes).
    Removing gpio.o(.rev16_text), (4 bytes).
    Removing gpio.o(.revsh_text), (4 bytes).
    Removing gpio.o(i.GPIO_DisableInt), (28 bytes).
    Removing gpio.o(i.GPIO_EnableInt), (26 bytes).
    Removing gpio.o(i.GPIO_SetMode), (40 bytes).
    Removing sys.o(.rev16_text), (4 bytes).
    Removing sys.o(.revsh_text), (4 bytes).
    Removing sys.o(i.SYS_ClearResetSrc), (12 bytes).
    Removing sys.o(i.SYS_DisableBOD), (14 bytes).
    Removing sys.o(i.SYS_EnableBOD), (36 bytes).
    Removing sys.o(i.SYS_GetBODStatus), (12 bytes).
    Removing sys.o(i.SYS_GetResetSrc), (8 bytes).
    Removing sys.o(i.SYS_IsRegLocked), (16 bytes).
    Removing sys.o(i.SYS_ReadPDID), (8 bytes).
    Removing sys.o(i.SYS_ResetCPU), (14 bytes).
    Removing sys.o(i.SYS_ResetChip), (14 bytes).
    Removing sys.o(i.SYS_ResetModule), (26 bytes).
    Removing main.o(.rev16_text), (4 bytes).
    Removing main.o(.revsh_text), (4 bytes).
    Removing sys_init.o(.rev16_text), (4 bytes).
    Removing sys_init.o(.revsh_text), (4 bytes).
    Removing newlcd.o(.rev16_text), (4 bytes).
    Removing newlcd.o(.revsh_text), (4 bytes).
    Removing newlcd.o(i.draw_circle_in_buffer), (314 bytes).
    Removing newlcd.o(i.draw_line_in_buffer), (180 bytes).
    Removing newlcd.o(i.draw_rectangle_in_buffer), (164 bytes).
    Removing newlcd.o(i.draw_triangle_in_buffer), (188 bytes).
    Removing newlcd.o(i.get_lcd_buffer_bin), (36 bytes).
    Removing newlcd.o(i.print_line_in_buffer), (38 bytes).

81 unused section(s) (total 3418 bytes) removed from the image.

==============================================================================

Image Symbol Table

    Local Symbols

    Symbol Name                              Value     Ov Type        Size  Object(Section)

    RESET                                    0x00000000   Section      192  startup_nuc100series.o(RESET)
    ../clib/microlib/division.c              0x00000000   Number         0  uidiv.o ABSOLUTE
    ../clib/microlib/division.c              0x00000000   Number         0  idiv.o ABSOLUTE
    ../clib/microlib/init/entry.s            0x00000000   Number         0  entry10a.o ABSOLUTE
    ../clib/microlib/init/entry.s            0x00000000   Number         0  entry9a.o ABSOLUTE
    ../clib/microlib/init/entry.s            0x00000000   Number         0  entry8a.o ABSOLUTE
    ../clib/microlib/init/entry.s            0x00000000   Number         0  entry11b.o ABSOLUTE
    ../clib/microlib/init/entry.s            0x00000000   Number         0  entry11a.o ABSOLUTE
    ../clib/microlib/init/entry.s            0x00000000   Number         0  entry10b.o ABSOLUTE
    ../clib/microlib/init/entry.s            0x00000000   Number         0  entry.o ABSOLUTE
    ../clib/microlib/init/entry.s            0x00000000   Number         0  entry8b.o ABSOLUTE
    ../clib/microlib/init/entry.s            0x00000000   Number         0  entry7b.o ABSOLUTE
    ../clib/microlib/init/entry.s            0x00000000   Number         0  entry7a.o ABSOLUTE
    ../clib/microlib/init/entry.s            0x00000000   Number         0  entry5.o ABSOLUTE
    ../clib/microlib/init/entry.s            0x00000000   Number         0  entry9b.o ABSOLUTE
    ../clib/microlib/init/entry.s            0x00000000   Number         0  entry2.o ABSOLUTE
    ../clib/microlib/stdlib/rand.c           0x00000000   Number         0  rand.o ABSOLUTE
    ../clib/microlib/string/strlen.c         0x00000000   Number         0  strlen.o ABSOLUTE
    ..\..\Library\Device\Nuvoton\NUC100Series\Source\ARM\startup_NUC100Series.s 0x00000000   Number         0  startup_nuc100series.o ABSOLUTE
    ..\..\Library\Device\Nuvoton\NUC100Series\Source\system_NUC100Series.c 0x00000000   Number         0  system_nuc100series.o ABSOLUTE
    ..\..\Library\Nu-LB-NUC140\Source\NewLCD.c 0x00000000   Number         0  newlcd.o ABSOLUTE
    ..\..\Library\Nu-LB-NUC140\Source\SYS_init.c 0x00000000   Number         0  sys_init.o ABSOLUTE
    ..\..\Library\StdDriver\src\clk.c        0x00000000   Number         0  clk.o ABSOLUTE
    ..\..\Library\StdDriver\src\gpio.c       0x00000000   Number         0  gpio.o ABSOLUTE
    ..\..\Library\StdDriver\src\spi.c        0x00000000   Number         0  spi.o ABSOLUTE
    ..\..\Library\StdDriver\src\sys.c        0x00000000   Number         0  sys.o ABSOLUTE
    ..\..\Library\StdDriver\src\uart.c       0x00000000   Number         0  uart.o ABSOLUTE
    ..\\..\\Library\\Device\\Nuvoton\\NUC100Series\\Source\\system_NUC100Series.c 0x00000000   Number         0  system_nuc100series.o ABSOLUTE
    ..\\..\\Library\\Nu-LB-NUC140\\Source\\NewLCD.c 0x00000000   Number         0  newlcd.o ABSOLUTE
    ..\\..\\Library\\Nu-LB-NUC140\\Source\\SYS_init.c 0x00000000   Number         0  sys_init.o ABSOLUTE
    ..\\..\\Library\\StdDriver\\src\\clk.c   0x00000000   Number         0  clk.o ABSOLUTE
    ..\\..\\Library\\StdDriver\\src\\gpio.c  0x00000000   Number         0  gpio.o ABSOLUTE
    ..\\..\\Library\\StdDriver\\src\\spi.c   0x00000000   Number         0  spi.o ABSOLUTE
    ..\\..\\Library\\StdDriver\\src\\sys.c   0x00000000   Number         0  sys.o ABSOLUTE
    ..\\..\\Library\\StdDriver\\src\\uart.c  0x00000000   Number         0  uart.o ABSOLUTE
    ..\\main.c                               0x00000000   Number         0  main.o ABSOLUTE
    ..\main.c                                0x00000000   Number         0  main.o ABSOLUTE
    handlers.s                               0x00000000   Number         0  handlers.o ABSOLUTE
    init.s                                   0x00000000   Number         0  init.o ABSOLUTE
    .ARM.Collect$$$$00000000                 0x000000c0   Section        0  entry.o(.ARM.Collect$$$$00000000)
    .ARM.Collect$$$$00000001                 0x000000c0   Section        4  entry2.o(.ARM.Collect$$$$00000001)
    .ARM.Collect$$$$00000004                 0x000000c4   Section        4  entry5.o(.ARM.Collect$$$$00000004)
    .ARM.Collect$$$$00000008                 0x000000c8   Section        0  entry7b.o(.ARM.Collect$$$$00000008)
    .ARM.Collect$$$$0000000A                 0x000000c8   Section        0  entry8b.o(.ARM.Collect$$$$0000000A)
    .ARM.Collect$$$$0000000B                 0x000000c8   Section        8  entry9a.o(.ARM.Collect$$$$0000000B)
    .ARM.Collect$$$$0000000D                 0x000000d0   Section        0  entry10a.o(.ARM.Collect$$$$0000000D)
    .ARM.Collect$$$$0000000F                 0x000000d0   Section        0  entry11a.o(.ARM.Collect$$$$0000000F)
    .ARM.Collect$$$$00002712                 0x000000d0   Section        4  entry2.o(.ARM.Collect$$$$00002712)
    __lit__00000000                          0x000000d0   Data           4  entry2.o(.ARM.Collect$$$$00002712)
    .text                                    0x000000d4   Section       76  startup_nuc100series.o(.text)
    Default_Handler                          0x000000ff   Thumb Code     2  startup_nuc100series.o(.text)
    .text                                    0x00000120   Section        0  uidiv.o(.text)
    .text                                    0x0000014c   Section        0  idiv.o(.text)
    .text                                    0x00000174   Section        0  rand.o(.text)
    .text                                    0x00000198   Section        0  strlen.o(.text)
    .text                                    0x000001a8   Section       36  init.o(.text)
    i.CLK_EnableModuleClock                  0x000001cc   Section        0  clk.o(i.CLK_EnableModuleClock)
    i.CLK_EnablePLL                          0x000001fc   Section        0  clk.o(i.CLK_EnablePLL)
    i.CLK_EnableXtalRC                       0x00000394   Section        0  clk.o(i.CLK_EnableXtalRC)
    i.CLK_GetHCLKFreq                        0x000003a4   Section        0  clk.o(i.CLK_GetHCLKFreq)
    i.CLK_GetPLLClockFreq                    0x000003b4   Section        0  spi.o(i.CLK_GetPLLClockFreq)
    CLK_GetPLLClockFreq                      0x000003b5   Thumb Code    70  spi.o(i.CLK_GetPLLClockFreq)
    i.CLK_SetCoreClock                       0x0000040c   Section        0  clk.o(i.CLK_SetCoreClock)
    i.CLK_SetHCLK                            0x00000484   Section        0  clk.o(i.CLK_SetHCLK)
    i.CLK_SetModuleClock                     0x000004cc   Section        0  clk.o(i.CLK_SetModuleClock)
    i.CLK_WaitClockReady                     0x00000598   Section        0  clk.o(i.CLK_WaitClockReady)
    i.SPI_DisableAutoSS                      0x000005c4   Section        0  spi.o(i.SPI_DisableAutoSS)
    i.SPI_Open                               0x000005d0   Section        0  spi.o(i.SPI_Open)
    i.SYS_Init                               0x0000073c   Section        0  sys_init.o(i.SYS_Init)
    i.SystemCoreClockUpdate                  0x000007b0   Section        0  system_nuc100series.o(i.SystemCoreClockUpdate)
    i.SystemInit                             0x00000840   Section        0  system_nuc100series.o(i.SystemInit)
    i.__scatterload_copy                     0x00000842   Section       14  handlers.o(i.__scatterload_copy)
    i.__scatterload_null                     0x00000850   Section        2  handlers.o(i.__scatterload_null)
    i.__scatterload_zeroinit                 0x00000852   Section       14  handlers.o(i.__scatterload_zeroinit)
    i.clear_lcd_buffer                       0x00000860   Section        0  newlcd.o(i.clear_lcd_buffer)
    i.draw_bitmap_in_buffer                  0x00000878   Section        0  newlcd.o(i.draw_bitmap_in_buffer)
    i.draw_pixel_in_buffer                   0x000008c4   Section        0  newlcd.o(i.draw_pixel_in_buffer)
    i.init_LCD                               0x00000904   Section        0  newlcd.o(i.init_LCD)
    i.init_SPI3                              0x0000092c   Section        0  newlcd.o(i.init_SPI3)
    i.init_lcd_buffer                        0x00000950   Section        0  newlcd.o(i.init_lcd_buffer)
    i.lcdSetAddr                             0x00000994   Section        0  newlcd.o(i.lcdSetAddr)
    i.lcdWriteCommand                        0x00000a04   Section        0  newlcd.o(i.lcdWriteCommand)
    i.lcdWriteData                           0x00000a2c   Section        0  newlcd.o(i.lcdWriteData)
    i.main                                   0x00000a58   Section        0  main.o(i.main)
    i.print_c_in_buffer                      0x00000a9c   Section        0  newlcd.o(i.print_c_in_buffer)
    i.print_s_in_buffer                      0x00000b44   Section        0  newlcd.o(i.print_s_in_buffer)
    i.rand_hello_world                       0x00000b78   Section        0  main.o(i.rand_hello_world)
    i.show_lcd_buffer                        0x00000bd4   Section        0  newlcd.o(i.show_lcd_buffer)
    .constdata                               0x00000c18   Section       56  clk.o(.constdata)
    .data                                    0x20000000   Section       44  system_nuc100series.o(.data)
    .data                                    0x2000002c   Section     2000  newlcd.o(.data)
    Font5x7                                  0x2000002c   Data         480  newlcd.o(.data)
    .data                                    0x200007fc   Section        4  rand.o(.data)
    _rand_state                              0x200007fc   Data           4  rand.o(.data)
    .bss                                     0x20000800   Section     2048  newlcd.o(.bss)
    STACK                                    0x20001000   Section     1024  startup_nuc100series.o(STACK)

    Global Symbols

    Symbol Name                              Value     Ov Type        Size  Object(Section)

    BuildAttributes$$THM_ISAv3M$S$PE$A:L22$X:L11$S22$IEEE1$IW$USESV6$~STKCKD$USESV7$~SHL$OSPACE$EBA8$MICROLIB$REQ8$PRES8$EABIv2 0x00000000   Number         0  anon$$obj.o ABSOLUTE
    __ARM_use_no_argv                        0x00000000   Number         0  main.o ABSOLUTE
    __Vectors                                0x00000000   Data           4  startup_nuc100series.o(RESET)
    __cpp_initialize__aeabi_                  - Undefined Weak Reference
    __cxa_finalize                            - Undefined Weak Reference
    __decompress                              - Undefined Weak Reference
    _clock_init                               - Undefined Weak Reference
    _microlib_exit                            - Undefined Weak Reference
    __main                                   0x000000c1   Thumb Code     0  entry.o(.ARM.Collect$$$$00000000)
    _main_stk                                0x000000c1   Thumb Code     0  entry2.o(.ARM.Collect$$$$00000001)
    _main_scatterload                        0x000000c5   Thumb Code     0  entry5.o(.ARM.Collect$$$$00000004)
    __main_after_scatterload                 0x000000c9   Thumb Code     0  entry5.o(.ARM.Collect$$$$00000004)
    _main_clock                              0x000000c9   Thumb Code     0  entry7b.o(.ARM.Collect$$$$00000008)
    _main_cpp_init                           0x000000c9   Thumb Code     0  entry8b.o(.ARM.Collect$$$$0000000A)
    _main_init                               0x000000c9   Thumb Code     0  entry9a.o(.ARM.Collect$$$$0000000B)
    __rt_final_cpp                           0x000000d1   Thumb Code     0  entry10a.o(.ARM.Collect$$$$0000000D)
    __rt_final_exit                          0x000000d1   Thumb Code     0  entry11a.o(.ARM.Collect$$$$0000000F)
    Reset_Handler                            0x000000d5   Thumb Code    32  startup_nuc100series.o(.text)
    NMI_Handler                              0x000000f5   Thumb Code     2  startup_nuc100series.o(.text)
    HardFault_Handler                        0x000000f7   Thumb Code     2  startup_nuc100series.o(.text)
    SVC_Handler                              0x000000f9   Thumb Code     2  startup_nuc100series.o(.text)
    PendSV_Handler                           0x000000fb   Thumb Code     2  startup_nuc100series.o(.text)
    SysTick_Handler                          0x000000fd   Thumb Code     2  startup_nuc100series.o(.text)
    ACMP_IRQHandler                          0x000000ff   Thumb Code     0  startup_nuc100series.o(.text)
    ADC_IRQHandler                           0x000000ff   Thumb Code     0  startup_nuc100series.o(.text)
    BOD_IRQHandler                           0x000000ff   Thumb Code     0  startup_nuc100series.o(.text)
    CAN0_IRQHandler                          0x000000ff   Thumb Code     0  startup_nuc100series.o(.text)
    CAN1_IRQHandler                          0x000000ff   Thumb Code     0  startup_nuc100series.o(.text)
    EINT0_IRQHandler                         0x000000ff   Thumb Code     0  startup_nuc100series.o(.text)
    EINT1_IRQHandler                         0x000000ff   Thumb Code     0  startup_nuc100series.o(.text)
    GPAB_IRQHandler                          0x000000ff   Thumb Code     0  startup_nuc100series.o(.text)
    GPCDEF_IRQHandler                        0x000000ff   Thumb Code     0  startup_nuc100series.o(.text)
    I2C0_IRQHandler                          0x000000ff   Thumb Code     0  startup_nuc100series.o(.text)
    I2C1_IRQHandler                          0x000000ff   Thumb Code     0  startup_nuc100series.o(.text)
    I2S_IRQHandler                           0x000000ff   Thumb Code     0  startup_nuc100series.o(.text)
    PDMA_IRQHandler                          0x000000ff   Thumb Code     0  startup_nuc100series.o(.text)
    PS2_IRQHandler                           0x000000ff   Thumb Code     0  startup_nuc100series.o(.text)
    PWMA_IRQHandler                          0x000000ff   Thumb Code     0  startup_nuc100series.o(.text)
    PWMB_IRQHandler                          0x000000ff   Thumb Code     0  startup_nuc100series.o(.text)
    PWRWU_IRQHandler                         0x000000ff   Thumb Code     0  startup_nuc100series.o(.text)
    RTC_IRQHandler                           0x000000ff   Thumb Code     0  startup_nuc100series.o(.text)
    SC012_IRQHandler                         0x000000ff   Thumb Code     0  startup_nuc100series.o(.text)
    SPI0_IRQHandler                          0x000000ff   Thumb Code     0  startup_nuc100series.o(.text)
    SPI1_IRQHandler                          0x000000ff   Thumb Code     0  startup_nuc100series.o(.text)
    SPI2_IRQHandler                          0x000000ff   Thumb Code     0  startup_nuc100series.o(.text)
    SPI3_IRQHandler                          0x000000ff   Thumb Code     0  startup_nuc100series.o(.text)
    TMR0_IRQHandler                          0x000000ff   Thumb Code     0  startup_nuc100series.o(.text)
    TMR1_IRQHandler                          0x000000ff   Thumb Code     0  startup_nuc100series.o(.text)
    TMR2_IRQHandler                          0x000000ff   Thumb Code     0  startup_nuc100series.o(.text)
    TMR3_IRQHandler                          0x000000ff   Thumb Code     0  startup_nuc100series.o(.text)
    UART02_IRQHandler                        0x000000ff   Thumb Code     0  startup_nuc100series.o(.text)
    UART1_IRQHandler                         0x000000ff   Thumb Code     0  startup_nuc100series.o(.text)
    USBD_IRQHandler                          0x000000ff   Thumb Code     0  startup_nuc100series.o(.text)
    WDT_IRQHandler                           0x000000ff   Thumb Code     0  startup_nuc100series.o(.text)
    __aeabi_uidiv                            0x00000121   Thumb Code     0  uidiv.o(.text)
    __aeabi_uidivmod                         0x00000121   Thumb Code    44  uidiv.o(.text)
    __aeabi_idiv                             0x0000014d   Thumb Code     0  idiv.o(.text)
    __aeabi_idivmod                          0x0000014d   Thumb Code    40  idiv.o(.text)
    rand                                     0x00000175   Thumb Code    18  rand.o(.text)
    srand                                    0x00000187   Thumb Code     6  rand.o(.text)
    strlen                                   0x00000199   Thumb Code    14  strlen.o(.text)
    __scatterload                            0x000001a9   Thumb Code    28  init.o(.text)
    __scatterload_rt2                        0x000001a9   Thumb Code     0  init.o(.text)
    CLK_EnableModuleClock                    0x000001cd   Thumb Code    40  clk.o(i.CLK_EnableModuleClock)
    CLK_EnablePLL                            0x000001fd   Thumb Code   348  clk.o(i.CLK_EnablePLL)
    CLK_EnableXtalRC                         0x00000395   Thumb Code    10  clk.o(i.CLK_EnableXtalRC)
    CLK_GetHCLKFreq                          0x000003a5   Thumb Code    12  clk.o(i.CLK_GetHCLKFreq)
    CLK_SetCoreClock                         0x0000040d   Thumb Code   112  clk.o(i.CLK_SetCoreClock)
    CLK_SetHCLK                              0x00000485   Thumb Code    66  clk.o(i.CLK_SetHCLK)
    CLK_SetModuleClock                       0x000004cd   Thumb Code   180  clk.o(i.CLK_SetModuleClock)
    CLK_WaitClockReady                       0x00000599   Thumb Code    34  clk.o(i.CLK_WaitClockReady)
    SPI_DisableAutoSS                        0x000005c5   Thumb Code    10  spi.o(i.SPI_DisableAutoSS)
    SPI_Open                                 0x000005d1   Thumb Code   348  spi.o(i.SPI_Open)
    SYS_Init                                 0x0000073d   Thumb Code   104  sys_init.o(i.SYS_Init)
    SystemCoreClockUpdate                    0x000007b1   Thumb Code   118  system_nuc100series.o(i.SystemCoreClockUpdate)
    SystemInit                               0x00000841   Thumb Code     2  system_nuc100series.o(i.SystemInit)
    __scatterload_copy                       0x00000843   Thumb Code    14  handlers.o(i.__scatterload_copy)
    __scatterload_null                       0x00000851   Thumb Code     2  handlers.o(i.__scatterload_null)
    __scatterload_zeroinit                   0x00000853   Thumb Code    14  handlers.o(i.__scatterload_zeroinit)
    clear_lcd_buffer                         0x00000861   Thumb Code    20  newlcd.o(i.clear_lcd_buffer)
    draw_bitmap_in_buffer                    0x00000879   Thumb Code    74  newlcd.o(i.draw_bitmap_in_buffer)
    draw_pixel_in_buffer                     0x000008c5   Thumb Code    56  newlcd.o(i.draw_pixel_in_buffer)
    init_LCD                                 0x00000905   Thumb Code    38  newlcd.o(i.init_LCD)
    init_SPI3                                0x0000092d   Thumb Code    28  newlcd.o(i.init_SPI3)
    init_lcd_buffer                          0x00000951   Thumb Code    64  newlcd.o(i.init_lcd_buffer)
    lcdSetAddr                               0x00000995   Thumb Code   106  newlcd.o(i.lcdSetAddr)
    lcdWriteCommand                          0x00000a05   Thumb Code    36  newlcd.o(i.lcdWriteCommand)
    lcdWriteData                             0x00000a2d   Thumb Code    40  newlcd.o(i.lcdWriteData)
    main                                     0x00000a59   Thumb Code    56  main.o(i.main)
    print_c_in_buffer                        0x00000a9d   Thumb Code   156  newlcd.o(i.print_c_in_buffer)
    print_s_in_buffer                        0x00000b45   Thumb Code    50  newlcd.o(i.print_s_in_buffer)
    rand_hello_world                         0x00000b79   Thumb Code    74  main.o(i.rand_hello_world)
    show_lcd_buffer                          0x00000bd5   Thumb Code    60  newlcd.o(i.show_lcd_buffer)
    Region$$Table$$Base                      0x00000c50   Number         0  anon$$obj.o(Region$$Table)
    Region$$Table$$Limit                     0x00000c70   Number         0  anon$$obj.o(Region$$Table)
    SystemCoreClock                          0x20000000   Data           4  system_nuc100series.o(.data)
    CyclesPerUs                              0x20000004   Data           4  system_nuc100series.o(.data)
    PllClock                                 0x20000008   Data           4  system_nuc100series.o(.data)
    gau32ClkSrcTbl                           0x2000000c   Data          32  system_nuc100series.o(.data)
    Font8x16                                 0x2000020c   Data        1520  newlcd.o(.data)
    lcd_buffer_hex                           0x20000800   Data        1024  newlcd.o(.bss)
    lcd_buffer_hex_last                      0x20000c00   Data        1024  newlcd.o(.bss)
    __initial_sp                             0x20001400   Data           0  startup_nuc100series.o(STACK)



==============================================================================

Memory Map of the image

  Image Entry point : 0x000000d5

  Load Region LR_1 (Base: 0x00000000, Size: 0x00001470, Max: 0xffffffff, ABSOLUTE)

    Execution Region ER_RO (Exec base: 0x00000000, Load base: 0x00000000, Size: 0x00000c70, Max: 0xffffffff, ABSOLUTE)

    Exec Addr    Load Addr    Size         Type   Attr      Idx    E Section Name        Object

    0x00000000   0x00000000   0x000000c0   Data   RO          114    RESET               startup_nuc100series.o
    0x000000c0   0x000000c0   0x00000000   Code   RO          867  * .ARM.Collect$$$$00000000  mc_p.l(entry.o)
    0x000000c0   0x000000c0   0x00000004   Code   RO          877    .ARM.Collect$$$$00000001  mc_p.l(entry2.o)
    0x000000c4   0x000000c4   0x00000004   Code   RO          880    .ARM.Collect$$$$00000004  mc_p.l(entry5.o)
    0x000000c8   0x000000c8   0x00000000   Code   RO          882    .ARM.Collect$$$$00000008  mc_p.l(entry7b.o)
    0x000000c8   0x000000c8   0x00000000   Code   RO          884    .ARM.Collect$$$$0000000A  mc_p.l(entry8b.o)
    0x000000c8   0x000000c8   0x00000008   Code   RO          885    .ARM.Collect$$$$0000000B  mc_p.l(entry9a.o)
    0x000000d0   0x000000d0   0x00000000   Code   RO          887    .ARM.Collect$$$$0000000D  mc_p.l(entry10a.o)
    0x000000d0   0x000000d0   0x00000000   Code   RO          889    .ARM.Collect$$$$0000000F  mc_p.l(entry11a.o)
    0x000000d0   0x000000d0   0x00000004   Code   RO          878    .ARM.Collect$$$$00002712  mc_p.l(entry2.o)
    0x000000d4   0x000000d4   0x0000004c   Code   RO          115  * .text               startup_nuc100series.o
    0x00000120   0x00000120   0x0000002c   Code   RO          868    .text               mc_p.l(uidiv.o)
    0x0000014c   0x0000014c   0x00000028   Code   RO          870    .text               mc_p.l(idiv.o)
    0x00000174   0x00000174   0x00000024   Code   RO          872    .text               mc_p.l(rand.o)
    0x00000198   0x00000198   0x0000000e   Code   RO          875    .text               mc_p.l(strlen.o)
    0x000001a6   0x000001a6   0x00000002   PAD
    0x000001a8   0x000001a8   0x00000024   Code   RO          891    .text               mc_p.l(init.o)
    0x000001cc   0x000001cc   0x00000030   Code   RO          127    i.CLK_EnableModuleClock  clk.o
    0x000001fc   0x000001fc   0x00000198   Code   RO          128    i.CLK_EnablePLL     clk.o
    0x00000394   0x00000394   0x00000010   Code   RO          130    i.CLK_EnableXtalRC  clk.o
    0x000003a4   0x000003a4   0x00000010   Code   RO          132    i.CLK_GetHCLKFreq   clk.o
    0x000003b4   0x000003b4   0x00000058   Code   RO          272    i.CLK_GetPLLClockFreq  spi.o
    0x0000040c   0x0000040c   0x00000078   Code   RO          138    i.CLK_SetCoreClock  clk.o
    0x00000484   0x00000484   0x00000048   Code   RO          139    i.CLK_SetHCLK       clk.o
    0x000004cc   0x000004cc   0x000000cc   Code   RO          140    i.CLK_SetModuleClock  clk.o
    0x00000598   0x00000598   0x0000002c   Code   RO          142    i.CLK_WaitClockReady  clk.o
    0x000005c4   0x000005c4   0x0000000a   Code   RO          277    i.SPI_DisableAutoSS  spi.o
    0x000005ce   0x000005ce   0x00000002   PAD
    0x000005d0   0x000005d0   0x0000016c   Code   RO          286    i.SPI_Open          spi.o
    0x0000073c   0x0000073c   0x00000074   Code   RO          706    i.SYS_Init          sys_init.o
    0x000007b0   0x000007b0   0x00000090   Code   RO            3    i.SystemCoreClockUpdate  system_nuc100series.o
    0x00000840   0x00000840   0x00000002   Code   RO            4    i.SystemInit        system_nuc100series.o
    0x00000842   0x00000842   0x0000000e   Code   RO          895    i.__scatterload_copy  mc_p.l(handlers.o)
    0x00000850   0x00000850   0x00000002   Code   RO          896    i.__scatterload_null  mc_p.l(handlers.o)
    0x00000852   0x00000852   0x0000000e   Code   RO          897    i.__scatterload_zeroinit  mc_p.l(handlers.o)
    0x00000860   0x00000860   0x00000018   Code   RO          735    i.clear_lcd_buffer  newlcd.o
    0x00000878   0x00000878   0x0000004a   Code   RO          736    i.draw_bitmap_in_buffer  newlcd.o
    0x000008c2   0x000008c2   0x00000002   PAD
    0x000008c4   0x000008c4   0x00000040   Code   RO          739    i.draw_pixel_in_buffer  newlcd.o
    0x00000904   0x00000904   0x00000026   Code   RO          743    i.init_LCD          newlcd.o
    0x0000092a   0x0000092a   0x00000002   PAD
    0x0000092c   0x0000092c   0x00000024   Code   RO          744    i.init_SPI3         newlcd.o
    0x00000950   0x00000950   0x00000044   Code   RO          745    i.init_lcd_buffer   newlcd.o
    0x00000994   0x00000994   0x00000070   Code   RO          746    i.lcdSetAddr        newlcd.o
    0x00000a04   0x00000a04   0x00000028   Code   RO          747    i.lcdWriteCommand   newlcd.o
    0x00000a2c   0x00000a2c   0x0000002c   Code   RO          748    i.lcdWriteData      newlcd.o
    0x00000a58   0x00000a58   0x00000044   Code   RO          622    i.main              main.o
    0x00000a9c   0x00000a9c   0x000000a8   Code   RO          749    i.print_c_in_buffer  newlcd.o
    0x00000b44   0x00000b44   0x00000032   Code   RO          751    i.print_s_in_buffer  newlcd.o
    0x00000b76   0x00000b76   0x00000002   PAD
    0x00000b78   0x00000b78   0x0000005c   Code   RO          623    i.rand_hello_world  main.o
    0x00000bd4   0x00000bd4   0x00000044   Code   RO          752    i.show_lcd_buffer   newlcd.o
    0x00000c18   0x00000c18   0x00000038   Data   RO          143    .constdata          clk.o
    0x00000c50   0x00000c50   0x00000020   Data   RO          893    Region$$Table       anon$$obj.o


    Execution Region ER_RW (Exec base: 0x20000000, Load base: 0x00000c70, Size: 0x00000800, Max: 0xffffffff, ABSOLUTE)

    Exec Addr    Load Addr    Size         Type   Attr      Idx    E Section Name        Object

    0x20000000   0x00000c70   0x0000002c   Data   RW            5    .data               system_nuc100series.o
    0x2000002c   0x00000c9c   0x000007d0   Data   RW          754    .data               newlcd.o
    0x200007fc   0x0000146c   0x00000004   Data   RW          873    .data               mc_p.l(rand.o)


    Execution Region ER_ZI (Exec base: 0x20000800, Load base: 0x00001470, Size: 0x00000c00, Max: 0xffffffff, ABSOLUTE)

    Exec Addr    Load Addr    Size         Type   Attr      Idx    E Section Name        Object

    0x20000800        -       0x00000800   Zero   RW          753    .bss                newlcd.o
    0x20001000        -       0x00000400   Zero   RW          112    STACK               startup_nuc100series.o


==============================================================================

Image component sizes


      Code (inc. data)   RO Data    RW Data    ZI Data      Debug   Object Name

       928        126         56          0          0       6492   clk.o
       160         30          0          0          0      20290   main.o
       786         58          0       2000       2048       9461   newlcd.o
       462         34          0          0          0       2895   spi.o
        76         32        192          0       1024        716   startup_nuc100series.o
       116         12          0          0          0      35019   sys_init.o
       146         26          0         44          0     117983   system_nuc100series.o

    ----------------------------------------------------------------------
      2682        318        280       2044       3072     192856   Object Totals
         0          0         32          0          0          0   (incl. Generated)
         8          0          0          0          0          0   (incl. Padding)

    ----------------------------------------------------------------------

      Code (inc. data)   RO Data    RW Data    ZI Data      Debug   Library Member Name

         0          0          0          0          0          0   entry.o
         0          0          0          0          0          0   entry10a.o
         0          0          0          0          0          0   entry11a.o
         8          4          0          0          0          0   entry2.o
         4          0          0          0          0          0   entry5.o
         0          0          0          0          0          0   entry7b.o
         0          0          0          0          0          0   entry8b.o
         8          4          0          0          0          0   entry9a.o
        30          0          0          0          0          0   handlers.o
        40          0          0          0          0         72   idiv.o
        36          8          0          0          0         68   init.o
        36         12          0          4          0        120   rand.o
        14          0          0          0          0         60   strlen.o
        44          0          0          0          0         72   uidiv.o

    ----------------------------------------------------------------------
       222         28          0          4          0        392   Library Totals
         2          0          0          0          0          0   (incl. Padding)

    ----------------------------------------------------------------------

      Code (inc. data)   RO Data    RW Data    ZI Data      Debug   Library Name

       220         28          0          4          0        392   mc_p.l

    ----------------------------------------------------------------------
       222         28          0          4          0        392   Library Totals

    ----------------------------------------------------------------------

==============================================================================


      Code (inc. data)   RO Data    RW Data    ZI Data      Debug   

      2904        346        280       2048       3072     192168   Grand Totals
      2904        346        280       2048       3072     192168   ELF Image Totals
      2904        346        280       2048          0          0   ROM Totals

==============================================================================

    Total RO  Size (Code + RO Data)                 3184 (   3.11kB)
    Total RW  Size (RW Data + ZI Data)              5120 (   5.00kB)
    Total ROM Size (Code + RO Data + RW Data)       5232 (   5.11kB)

==============================================================================

