<html>
<body>
<pre>
<h1>µVision Build Log</h1>
<h2>Tool Versions:</h2>
IDE-Version: £gVision V5.24.2.0
Copyright (C) 2017 ARM Ltd and ARM Germany GmbH. All rights reserved.
License Information: poyu chiu, fcu, LIC=----
 
Tool Versions:
Toolchain:       MDK-Lite  Version: 5.24.1
Toolchain Path:  C:\Keil_v5\ARM\ARMCC\Bin
C Compiler:      Armcc.exe V5.06 update 5 (build 528)
Assembler:       Armasm.exe V5.06 update 5 (build 528)
Linker/Locator:  ArmLink.exe V5.06 update 5 (build 528)
Library Manager: ArmAr.exe V5.06 update 5 (build 528)
Hex Converter:   FromElf.exe V5.06 update 5 (build 528)
CPU DLL:         SARMCM3.DLL V5.24.1
Dialog DLL:      DARMCM1.DLL V1.18.0.0
Target DLL:      Nu_Link.dll V3.02
Dialog DLL:      TARMCM1.DLL V1.13.0.0
 
<h2>Project:</h2>
C:\Users\bruce_2nbsnuo\GitHub\poyu39\FCU-ARM_Microprocessor_Systems\LAB_4_1\KEIL\Nu-LB-NUC140.uvproj
Project File Date:  10/23/2023

<h2>Output:</h2>
*** Using Compiler 'V5.06 update 5 (build 528)', folder: 'C:\Keil_v5\ARM\ARMCC\Bin'
Rebuild target 'LAB_4_1'
creating preprocessor file for system_NUC100Series.c...
assembling startup_NUC100Series.s...
creating preprocessor file for clk.c...
creating preprocessor file for spi.c...
compiling system_NUC100Series.c...
creating preprocessor file for uart.c...
compiling clk.c...
creating preprocessor file for gpio.c...
creating preprocessor file for sys.c...
compiling spi.c...
compiling uart.c...
creating preprocessor file for LCD.c...
compiling gpio.c...
creating preprocessor file for main.c...
compiling sys.c...
creating preprocessor file for SYS_init.c...
creating preprocessor file for Scankey.c...
compiling LCD.c...
compiling main.c...
..\main.c(63): warning:  #111-D: statement is unreachable
  		break;
..\main.c(66): warning:  #111-D: statement is unreachable
  		break;
..\main.c(69): warning:  #111-D: statement is unreachable
  		break;
..\main.c(72): warning:  #111-D: statement is unreachable
  		break;
..\main.c(76): warning:  #940-D: missing return statement at end of non-void function "math" 
  }
..\main.c: 5 warnings, 0 errors
creating preprocessor file for Seven_Segment.c...
compiling SYS_init.c...
compiling Scankey.c...
compiling Seven_Segment.c...
linking...
Program Size: Code=3808 RO-data=280 RW-data=2060 ZI-data=2052  
After Build - User command #1: fromelf --bin ".\obj\LAB_4_1.axf" --output ".\obj\LAB_4_1.bin"
After Build - User command #2: fromelf --text -c ".\obj\LAB_4_1.axf" --output ".\obj\LAB_4_1.txt"
".\obj\LAB_4_1.axf" - 0 Error(s), 5 Warning(s).
Build Time Elapsed:  00:00:02
</pre>
</body>
</html>
