<!doctype html public "-//w3c//dtd html 4.0 transitional//en">
<html><head>
<title>Static Call Graph - [.\obj\Sample.axf]</title></head>
<body><HR>
<H1>Static Call Graph for image .\obj\Sample.axf</H1><HR>
<BR><P>#&#060CALLGRAPH&#062# ARM Linker, 5060528: Last Updated: Mon Sep 21 15:48:30 2020
<BR><P>
<H3>Maximum Stack Usage =         92 bytes + Unknown(Cycles, Untraceable Function Pointers)</H3><H3>
Call chain for Maximum Stack Depth:</H3>
main &rArr; SYS_Init &rArr; CLK_SetCoreClock &rArr; CLK_EnablePLL &rArr; __aeabi_uidivmod
<P>
<H3>
Mutually Recursive functions
</H3> <LI><a href="#[1]">NMI_Handler</a>&nbsp;&nbsp;&nbsp;&rArr;&nbsp;&nbsp;&nbsp;<a href="#[1]">NMI_Handler</a><BR>
 <LI><a href="#[2]">HardFault_Handler</a>&nbsp;&nbsp;&nbsp;&rArr;&nbsp;&nbsp;&nbsp;<a href="#[2]">HardFault_Handler</a><BR>
 <LI><a href="#[3]">SVC_Handler</a>&nbsp;&nbsp;&nbsp;&rArr;&nbsp;&nbsp;&nbsp;<a href="#[3]">SVC_Handler</a><BR>
 <LI><a href="#[4]">PendSV_Handler</a>&nbsp;&nbsp;&nbsp;&rArr;&nbsp;&nbsp;&nbsp;<a href="#[4]">PendSV_Handler</a><BR>
 <LI><a href="#[5]">SysTick_Handler</a>&nbsp;&nbsp;&nbsp;&rArr;&nbsp;&nbsp;&nbsp;<a href="#[5]">SysTick_Handler</a><BR>
 <LI><a href="#[24]">Default_Handler</a>&nbsp;&nbsp;&nbsp;&rArr;&nbsp;&nbsp;&nbsp;<a href="#[24]">Default_Handler</a><BR>
</UL>
<P>
<H3>
Function Pointers
</H3><UL>
 <LI><a href="#[1f]">ACMP_IRQHandler</a> from startup_nuc100series.o(.text) referenced from startup_nuc100series.o(RESET)
 <LI><a href="#[23]">ADC_IRQHandler</a> from startup_nuc100series.o(.text) referenced from startup_nuc100series.o(RESET)
 <LI><a href="#[6]">BOD_IRQHandler</a> from startup_nuc100series.o(.text) referenced from startup_nuc100series.o(RESET)
 <LI><a href="#[1a]">CAN0_IRQHandler</a> from startup_nuc100series.o(.text) referenced from startup_nuc100series.o(RESET)
 <LI><a href="#[1b]">CAN1_IRQHandler</a> from startup_nuc100series.o(.text) referenced from startup_nuc100series.o(RESET)
 <LI><a href="#[24]">Default_Handler</a> from startup_nuc100series.o(.text) referenced from startup_nuc100series.o(RESET)
 <LI><a href="#[8]">EINT0_IRQHandler</a> from startup_nuc100series.o(.text) referenced from startup_nuc100series.o(RESET)
 <LI><a href="#[9]">EINT1_IRQHandler</a> from startup_nuc100series.o(.text) referenced from startup_nuc100series.o(RESET)
 <LI><a href="#[a]">GPAB_IRQHandler</a> from startup_nuc100series.o(.text) referenced from startup_nuc100series.o(RESET)
 <LI><a href="#[b]">GPCDEF_IRQHandler</a> from startup_nuc100series.o(.text) referenced from startup_nuc100series.o(RESET)
 <LI><a href="#[2]">HardFault_Handler</a> from startup_nuc100series.o(.text) referenced from startup_nuc100series.o(RESET)
 <LI><a href="#[18]">I2C0_IRQHandler</a> from startup_nuc100series.o(.text) referenced from startup_nuc100series.o(RESET)
 <LI><a href="#[19]">I2C1_IRQHandler</a> from startup_nuc100series.o(.text) referenced from startup_nuc100series.o(RESET)
 <LI><a href="#[21]">I2S_IRQHandler</a> from startup_nuc100series.o(.text) referenced from startup_nuc100series.o(RESET)
 <LI><a href="#[1]">NMI_Handler</a> from startup_nuc100series.o(.text) referenced from startup_nuc100series.o(RESET)
 <LI><a href="#[20]">PDMA_IRQHandler</a> from startup_nuc100series.o(.text) referenced from startup_nuc100series.o(RESET)
 <LI><a href="#[1e]">PS2_IRQHandler</a> from startup_nuc100series.o(.text) referenced from startup_nuc100series.o(RESET)
 <LI><a href="#[c]">PWMA_IRQHandler</a> from startup_nuc100series.o(.text) referenced from startup_nuc100series.o(RESET)
 <LI><a href="#[d]">PWMB_IRQHandler</a> from startup_nuc100series.o(.text) referenced from startup_nuc100series.o(RESET)
 <LI><a href="#[22]">PWRWU_IRQHandler</a> from startup_nuc100series.o(.text) referenced from startup_nuc100series.o(RESET)
 <LI><a href="#[4]">PendSV_Handler</a> from startup_nuc100series.o(.text) referenced from startup_nuc100series.o(RESET)
 <LI><a href="#[25]">RTC_IRQHandler</a> from startup_nuc100series.o(.text) referenced from startup_nuc100series.o(RESET)
 <LI><a href="#[29]">Reset_Handler</a> from startup_nuc100series.o(.text) referenced from startup_nuc100series.o(RESET)
 <LI><a href="#[1c]">SC012_IRQHandler</a> from startup_nuc100series.o(.text) referenced from startup_nuc100series.o(RESET)
 <LI><a href="#[14]">SPI0_IRQHandler</a> from startup_nuc100series.o(.text) referenced from startup_nuc100series.o(RESET)
 <LI><a href="#[15]">SPI1_IRQHandler</a> from startup_nuc100series.o(.text) referenced from startup_nuc100series.o(RESET)
 <LI><a href="#[16]">SPI2_IRQHandler</a> from startup_nuc100series.o(.text) referenced from startup_nuc100series.o(RESET)
 <LI><a href="#[17]">SPI3_IRQHandler</a> from startup_nuc100series.o(.text) referenced from startup_nuc100series.o(RESET)
 <LI><a href="#[3]">SVC_Handler</a> from startup_nuc100series.o(.text) referenced from startup_nuc100series.o(RESET)
 <LI><a href="#[5]">SysTick_Handler</a> from startup_nuc100series.o(.text) referenced from startup_nuc100series.o(RESET)
 <LI><a href="#[27]">SystemInit</a> from system_nuc100series.o(i.SystemInit) referenced from startup_nuc100series.o(.text)
 <LI><a href="#[e]">TMR0_IRQHandler</a> from startup_nuc100series.o(.text) referenced from startup_nuc100series.o(RESET)
 <LI><a href="#[f]">TMR1_IRQHandler</a> from startup_nuc100series.o(.text) referenced from startup_nuc100series.o(RESET)
 <LI><a href="#[10]">TMR2_IRQHandler</a> from startup_nuc100series.o(.text) referenced from startup_nuc100series.o(RESET)
 <LI><a href="#[11]">TMR3_IRQHandler</a> from startup_nuc100series.o(.text) referenced from startup_nuc100series.o(RESET)
 <LI><a href="#[12]">UART02_IRQHandler</a> from startup_nuc100series.o(.text) referenced from startup_nuc100series.o(RESET)
 <LI><a href="#[13]">UART1_IRQHandler</a> from startup_nuc100series.o(.text) referenced from startup_nuc100series.o(RESET)
 <LI><a href="#[1d]">USBD_IRQHandler</a> from startup_nuc100series.o(.text) referenced from startup_nuc100series.o(RESET)
 <LI><a href="#[7]">WDT_IRQHandler</a> from startup_nuc100series.o(.text) referenced from startup_nuc100series.o(RESET)
 <LI><a href="#[28]">__main</a> from entry.o(.ARM.Collect$$$$00000000) referenced from startup_nuc100series.o(.text)
 <LI><a href="#[26]">main</a> from main.o(i.main) referenced from entry9a.o(.ARM.Collect$$$$0000000B)
</UL>
<P>
<H3>
Global Symbols
</H3>
<P><STRONG><a name="[28]"></a>__main</STRONG> (Thumb, 0 bytes, Stack size unknown bytes, entry.o(.ARM.Collect$$$$00000000))
<BR>[Address Reference Count : 1]<UL><LI> startup_nuc100series.o(.text)
</UL>
<P><STRONG><a name="[35]"></a>_main_stk</STRONG> (Thumb, 0 bytes, Stack size unknown bytes, entry2.o(.ARM.Collect$$$$00000001))

<P><STRONG><a name="[2a]"></a>_main_scatterload</STRONG> (Thumb, 0 bytes, Stack size unknown bytes, entry5.o(.ARM.Collect$$$$00000004))
<BR><BR>[Calls]<UL><LI><a href="#[2b]">&gt;&gt;</a>&nbsp;&nbsp;&nbsp;__scatterload
</UL>

<P><STRONG><a name="[2c]"></a>__main_after_scatterload</STRONG> (Thumb, 0 bytes, Stack size unknown bytes, entry5.o(.ARM.Collect$$$$00000004))
<BR><BR>[Called By]<UL><LI><a href="#[2b]">&gt;&gt;</a>&nbsp;&nbsp;&nbsp;__scatterload
</UL>

<P><STRONG><a name="[36]"></a>_main_clock</STRONG> (Thumb, 0 bytes, Stack size unknown bytes, entry7b.o(.ARM.Collect$$$$00000008))

<P><STRONG><a name="[37]"></a>_main_cpp_init</STRONG> (Thumb, 0 bytes, Stack size unknown bytes, entry8b.o(.ARM.Collect$$$$0000000A))

<P><STRONG><a name="[38]"></a>_main_init</STRONG> (Thumb, 0 bytes, Stack size unknown bytes, entry9a.o(.ARM.Collect$$$$0000000B))

<P><STRONG><a name="[39]"></a>__rt_final_cpp</STRONG> (Thumb, 0 bytes, Stack size unknown bytes, entry10a.o(.ARM.Collect$$$$0000000D))

<P><STRONG><a name="[3a]"></a>__rt_final_exit</STRONG> (Thumb, 0 bytes, Stack size unknown bytes, entry11a.o(.ARM.Collect$$$$0000000F))

<P><STRONG><a name="[29]"></a>Reset_Handler</STRONG> (Thumb, 32 bytes, Stack size 0 bytes, startup_nuc100series.o(.text))

<P><STRONG><a name="[1]"></a>NMI_Handler</STRONG> (Thumb, 2 bytes, Stack size 0 bytes, startup_nuc100series.o(.text))
<BR><BR>[Calls]<UL><LI><a href="#[1]">&gt;&gt;</a>&nbsp;&nbsp;&nbsp;NMI_Handler
</UL>
<BR>[Called By]<UL><LI><a href="#[1]">&gt;&gt;</a>&nbsp;&nbsp;&nbsp;NMI_Handler
</UL>
<BR>[Address Reference Count : 1]<UL><LI> startup_nuc100series.o(RESET)
</UL>
<P><STRONG><a name="[2]"></a>HardFault_Handler</STRONG> (Thumb, 2 bytes, Stack size 0 bytes, startup_nuc100series.o(.text))
<BR><BR>[Calls]<UL><LI><a href="#[2]">&gt;&gt;</a>&nbsp;&nbsp;&nbsp;HardFault_Handler
</UL>
<BR>[Called By]<UL><LI><a href="#[2]">&gt;&gt;</a>&nbsp;&nbsp;&nbsp;HardFault_Handler
</UL>
<BR>[Address Reference Count : 1]<UL><LI> startup_nuc100series.o(RESET)
</UL>
<P><STRONG><a name="[3]"></a>SVC_Handler</STRONG> (Thumb, 2 bytes, Stack size 0 bytes, startup_nuc100series.o(.text))
<BR><BR>[Calls]<UL><LI><a href="#[3]">&gt;&gt;</a>&nbsp;&nbsp;&nbsp;SVC_Handler
</UL>
<BR>[Called By]<UL><LI><a href="#[3]">&gt;&gt;</a>&nbsp;&nbsp;&nbsp;SVC_Handler
</UL>
<BR>[Address Reference Count : 1]<UL><LI> startup_nuc100series.o(RESET)
</UL>
<P><STRONG><a name="[4]"></a>PendSV_Handler</STRONG> (Thumb, 2 bytes, Stack size 0 bytes, startup_nuc100series.o(.text))
<BR><BR>[Calls]<UL><LI><a href="#[4]">&gt;&gt;</a>&nbsp;&nbsp;&nbsp;PendSV_Handler
</UL>
<BR>[Called By]<UL><LI><a href="#[4]">&gt;&gt;</a>&nbsp;&nbsp;&nbsp;PendSV_Handler
</UL>
<BR>[Address Reference Count : 1]<UL><LI> startup_nuc100series.o(RESET)
</UL>
<P><STRONG><a name="[5]"></a>SysTick_Handler</STRONG> (Thumb, 2 bytes, Stack size 0 bytes, startup_nuc100series.o(.text))
<BR><BR>[Calls]<UL><LI><a href="#[5]">&gt;&gt;</a>&nbsp;&nbsp;&nbsp;SysTick_Handler
</UL>
<BR>[Called By]<UL><LI><a href="#[5]">&gt;&gt;</a>&nbsp;&nbsp;&nbsp;SysTick_Handler
</UL>
<BR>[Address Reference Count : 1]<UL><LI> startup_nuc100series.o(RESET)
</UL>
<P><STRONG><a name="[1f]"></a>ACMP_IRQHandler</STRONG> (Thumb, 0 bytes, Stack size 0 bytes, startup_nuc100series.o(.text))
<BR>[Address Reference Count : 1]<UL><LI> startup_nuc100series.o(RESET)
</UL>
<P><STRONG><a name="[23]"></a>ADC_IRQHandler</STRONG> (Thumb, 0 bytes, Stack size 0 bytes, startup_nuc100series.o(.text))
<BR>[Address Reference Count : 1]<UL><LI> startup_nuc100series.o(RESET)
</UL>
<P><STRONG><a name="[6]"></a>BOD_IRQHandler</STRONG> (Thumb, 0 bytes, Stack size 0 bytes, startup_nuc100series.o(.text))
<BR>[Address Reference Count : 1]<UL><LI> startup_nuc100series.o(RESET)
</UL>
<P><STRONG><a name="[1a]"></a>CAN0_IRQHandler</STRONG> (Thumb, 0 bytes, Stack size 0 bytes, startup_nuc100series.o(.text))
<BR>[Address Reference Count : 1]<UL><LI> startup_nuc100series.o(RESET)
</UL>
<P><STRONG><a name="[1b]"></a>CAN1_IRQHandler</STRONG> (Thumb, 0 bytes, Stack size 0 bytes, startup_nuc100series.o(.text))
<BR>[Address Reference Count : 1]<UL><LI> startup_nuc100series.o(RESET)
</UL>
<P><STRONG><a name="[8]"></a>EINT0_IRQHandler</STRONG> (Thumb, 0 bytes, Stack size 0 bytes, startup_nuc100series.o(.text))
<BR>[Address Reference Count : 1]<UL><LI> startup_nuc100series.o(RESET)
</UL>
<P><STRONG><a name="[9]"></a>EINT1_IRQHandler</STRONG> (Thumb, 0 bytes, Stack size 0 bytes, startup_nuc100series.o(.text))
<BR>[Address Reference Count : 1]<UL><LI> startup_nuc100series.o(RESET)
</UL>
<P><STRONG><a name="[a]"></a>GPAB_IRQHandler</STRONG> (Thumb, 0 bytes, Stack size 0 bytes, startup_nuc100series.o(.text))
<BR>[Address Reference Count : 1]<UL><LI> startup_nuc100series.o(RESET)
</UL>
<P><STRONG><a name="[b]"></a>GPCDEF_IRQHandler</STRONG> (Thumb, 0 bytes, Stack size 0 bytes, startup_nuc100series.o(.text))
<BR>[Address Reference Count : 1]<UL><LI> startup_nuc100series.o(RESET)
</UL>
<P><STRONG><a name="[18]"></a>I2C0_IRQHandler</STRONG> (Thumb, 0 bytes, Stack size 0 bytes, startup_nuc100series.o(.text))
<BR>[Address Reference Count : 1]<UL><LI> startup_nuc100series.o(RESET)
</UL>
<P><STRONG><a name="[19]"></a>I2C1_IRQHandler</STRONG> (Thumb, 0 bytes, Stack size 0 bytes, startup_nuc100series.o(.text))
<BR>[Address Reference Count : 1]<UL><LI> startup_nuc100series.o(RESET)
</UL>
<P><STRONG><a name="[21]"></a>I2S_IRQHandler</STRONG> (Thumb, 0 bytes, Stack size 0 bytes, startup_nuc100series.o(.text))
<BR>[Address Reference Count : 1]<UL><LI> startup_nuc100series.o(RESET)
</UL>
<P><STRONG><a name="[20]"></a>PDMA_IRQHandler</STRONG> (Thumb, 0 bytes, Stack size 0 bytes, startup_nuc100series.o(.text))
<BR>[Address Reference Count : 1]<UL><LI> startup_nuc100series.o(RESET)
</UL>
<P><STRONG><a name="[1e]"></a>PS2_IRQHandler</STRONG> (Thumb, 0 bytes, Stack size 0 bytes, startup_nuc100series.o(.text))
<BR>[Address Reference Count : 1]<UL><LI> startup_nuc100series.o(RESET)
</UL>
<P><STRONG><a name="[c]"></a>PWMA_IRQHandler</STRONG> (Thumb, 0 bytes, Stack size 0 bytes, startup_nuc100series.o(.text))
<BR>[Address Reference Count : 1]<UL><LI> startup_nuc100series.o(RESET)
</UL>
<P><STRONG><a name="[d]"></a>PWMB_IRQHandler</STRONG> (Thumb, 0 bytes, Stack size 0 bytes, startup_nuc100series.o(.text))
<BR>[Address Reference Count : 1]<UL><LI> startup_nuc100series.o(RESET)
</UL>
<P><STRONG><a name="[22]"></a>PWRWU_IRQHandler</STRONG> (Thumb, 0 bytes, Stack size 0 bytes, startup_nuc100series.o(.text))
<BR>[Address Reference Count : 1]<UL><LI> startup_nuc100series.o(RESET)
</UL>
<P><STRONG><a name="[25]"></a>RTC_IRQHandler</STRONG> (Thumb, 0 bytes, Stack size 0 bytes, startup_nuc100series.o(.text))
<BR>[Address Reference Count : 1]<UL><LI> startup_nuc100series.o(RESET)
</UL>
<P><STRONG><a name="[1c]"></a>SC012_IRQHandler</STRONG> (Thumb, 0 bytes, Stack size 0 bytes, startup_nuc100series.o(.text))
<BR>[Address Reference Count : 1]<UL><LI> startup_nuc100series.o(RESET)
</UL>
<P><STRONG><a name="[14]"></a>SPI0_IRQHandler</STRONG> (Thumb, 0 bytes, Stack size 0 bytes, startup_nuc100series.o(.text))
<BR>[Address Reference Count : 1]<UL><LI> startup_nuc100series.o(RESET)
</UL>
<P><STRONG><a name="[15]"></a>SPI1_IRQHandler</STRONG> (Thumb, 0 bytes, Stack size 0 bytes, startup_nuc100series.o(.text))
<BR>[Address Reference Count : 1]<UL><LI> startup_nuc100series.o(RESET)
</UL>
<P><STRONG><a name="[16]"></a>SPI2_IRQHandler</STRONG> (Thumb, 0 bytes, Stack size 0 bytes, startup_nuc100series.o(.text))
<BR>[Address Reference Count : 1]<UL><LI> startup_nuc100series.o(RESET)
</UL>
<P><STRONG><a name="[17]"></a>SPI3_IRQHandler</STRONG> (Thumb, 0 bytes, Stack size 0 bytes, startup_nuc100series.o(.text))
<BR>[Address Reference Count : 1]<UL><LI> startup_nuc100series.o(RESET)
</UL>
<P><STRONG><a name="[e]"></a>TMR0_IRQHandler</STRONG> (Thumb, 0 bytes, Stack size 0 bytes, startup_nuc100series.o(.text))
<BR>[Address Reference Count : 1]<UL><LI> startup_nuc100series.o(RESET)
</UL>
<P><STRONG><a name="[f]"></a>TMR1_IRQHandler</STRONG> (Thumb, 0 bytes, Stack size 0 bytes, startup_nuc100series.o(.text))
<BR>[Address Reference Count : 1]<UL><LI> startup_nuc100series.o(RESET)
</UL>
<P><STRONG><a name="[10]"></a>TMR2_IRQHandler</STRONG> (Thumb, 0 bytes, Stack size 0 bytes, startup_nuc100series.o(.text))
<BR>[Address Reference Count : 1]<UL><LI> startup_nuc100series.o(RESET)
</UL>
<P><STRONG><a name="[11]"></a>TMR3_IRQHandler</STRONG> (Thumb, 0 bytes, Stack size 0 bytes, startup_nuc100series.o(.text))
<BR>[Address Reference Count : 1]<UL><LI> startup_nuc100series.o(RESET)
</UL>
<P><STRONG><a name="[12]"></a>UART02_IRQHandler</STRONG> (Thumb, 0 bytes, Stack size 0 bytes, startup_nuc100series.o(.text))
<BR>[Address Reference Count : 1]<UL><LI> startup_nuc100series.o(RESET)
</UL>
<P><STRONG><a name="[13]"></a>UART1_IRQHandler</STRONG> (Thumb, 0 bytes, Stack size 0 bytes, startup_nuc100series.o(.text))
<BR>[Address Reference Count : 1]<UL><LI> startup_nuc100series.o(RESET)
</UL>
<P><STRONG><a name="[1d]"></a>USBD_IRQHandler</STRONG> (Thumb, 0 bytes, Stack size 0 bytes, startup_nuc100series.o(.text))
<BR>[Address Reference Count : 1]<UL><LI> startup_nuc100series.o(RESET)
</UL>
<P><STRONG><a name="[7]"></a>WDT_IRQHandler</STRONG> (Thumb, 0 bytes, Stack size 0 bytes, startup_nuc100series.o(.text))
<BR>[Address Reference Count : 1]<UL><LI> startup_nuc100series.o(RESET)
</UL>
<P><STRONG><a name="[3b]"></a>__aeabi_uidiv</STRONG> (Thumb, 0 bytes, Stack size 12 bytes, uidiv.o(.text), UNUSED)

<P><STRONG><a name="[2f]"></a>__aeabi_uidivmod</STRONG> (Thumb, 44 bytes, Stack size 12 bytes, uidiv.o(.text))
<BR><BR>[Stack]<UL><LI>Max Depth = 12<LI>Call Chain = __aeabi_uidivmod
</UL>
<BR>[Called By]<UL><LI><a href="#[2d]">&gt;&gt;</a>&nbsp;&nbsp;&nbsp;CLK_EnablePLL
<LI><a href="#[32]">&gt;&gt;</a>&nbsp;&nbsp;&nbsp;SystemCoreClockUpdate
</UL>

<P><STRONG><a name="[2b]"></a>__scatterload</STRONG> (Thumb, 28 bytes, Stack size 0 bytes, init.o(.text))
<BR><BR>[Calls]<UL><LI><a href="#[2c]">&gt;&gt;</a>&nbsp;&nbsp;&nbsp;__main_after_scatterload
</UL>
<BR>[Called By]<UL><LI><a href="#[2a]">&gt;&gt;</a>&nbsp;&nbsp;&nbsp;_main_scatterload
</UL>

<P><STRONG><a name="[3c]"></a>__scatterload_rt2</STRONG> (Thumb, 0 bytes, Stack size 0 bytes, init.o(.text), UNUSED)

<P><STRONG><a name="[2d]"></a>CLK_EnablePLL</STRONG> (Thumb, 348 bytes, Stack size 40 bytes, clk.o(i.CLK_EnablePLL))
<BR><BR>[Stack]<UL><LI>Max Depth = 52<LI>Call Chain = CLK_EnablePLL &rArr; __aeabi_uidivmod
</UL>
<BR>[Calls]<UL><LI><a href="#[2f]">&gt;&gt;</a>&nbsp;&nbsp;&nbsp;__aeabi_uidivmod
<LI><a href="#[2e]">&gt;&gt;</a>&nbsp;&nbsp;&nbsp;CLK_WaitClockReady
</UL>
<BR>[Called By]<UL><LI><a href="#[30]">&gt;&gt;</a>&nbsp;&nbsp;&nbsp;CLK_SetCoreClock
</UL>

<P><STRONG><a name="[34]"></a>CLK_EnableXtalRC</STRONG> (Thumb, 10 bytes, Stack size 0 bytes, clk.o(i.CLK_EnableXtalRC))
<BR><BR>[Called By]<UL><LI><a href="#[33]">&gt;&gt;</a>&nbsp;&nbsp;&nbsp;SYS_Init
</UL>

<P><STRONG><a name="[30]"></a>CLK_SetCoreClock</STRONG> (Thumb, 112 bytes, Stack size 24 bytes, clk.o(i.CLK_SetCoreClock))
<BR><BR>[Stack]<UL><LI>Max Depth = 76<LI>Call Chain = CLK_SetCoreClock &rArr; CLK_EnablePLL &rArr; __aeabi_uidivmod
</UL>
<BR>[Calls]<UL><LI><a href="#[31]">&gt;&gt;</a>&nbsp;&nbsp;&nbsp;CLK_SetHCLK
<LI><a href="#[2d]">&gt;&gt;</a>&nbsp;&nbsp;&nbsp;CLK_EnablePLL
</UL>
<BR>[Called By]<UL><LI><a href="#[33]">&gt;&gt;</a>&nbsp;&nbsp;&nbsp;SYS_Init
</UL>

<P><STRONG><a name="[31]"></a>CLK_SetHCLK</STRONG> (Thumb, 66 bytes, Stack size 16 bytes, clk.o(i.CLK_SetHCLK))
<BR><BR>[Stack]<UL><LI>Max Depth = 44<LI>Call Chain = CLK_SetHCLK &rArr; SystemCoreClockUpdate &rArr; __aeabi_uidivmod
</UL>
<BR>[Calls]<UL><LI><a href="#[32]">&gt;&gt;</a>&nbsp;&nbsp;&nbsp;SystemCoreClockUpdate
</UL>
<BR>[Called By]<UL><LI><a href="#[30]">&gt;&gt;</a>&nbsp;&nbsp;&nbsp;CLK_SetCoreClock
</UL>

<P><STRONG><a name="[2e]"></a>CLK_WaitClockReady</STRONG> (Thumb, 34 bytes, Stack size 8 bytes, clk.o(i.CLK_WaitClockReady))
<BR><BR>[Stack]<UL><LI>Max Depth = 8<LI>Call Chain = CLK_WaitClockReady
</UL>
<BR>[Called By]<UL><LI><a href="#[33]">&gt;&gt;</a>&nbsp;&nbsp;&nbsp;SYS_Init
<LI><a href="#[2d]">&gt;&gt;</a>&nbsp;&nbsp;&nbsp;CLK_EnablePLL
</UL>

<P><STRONG><a name="[33]"></a>SYS_Init</STRONG> (Thumb, 48 bytes, Stack size 8 bytes, sys_init.o(i.SYS_Init))
<BR><BR>[Stack]<UL><LI>Max Depth = 84<LI>Call Chain = SYS_Init &rArr; CLK_SetCoreClock &rArr; CLK_EnablePLL &rArr; __aeabi_uidivmod
</UL>
<BR>[Calls]<UL><LI><a href="#[2e]">&gt;&gt;</a>&nbsp;&nbsp;&nbsp;CLK_WaitClockReady
<LI><a href="#[30]">&gt;&gt;</a>&nbsp;&nbsp;&nbsp;CLK_SetCoreClock
<LI><a href="#[34]">&gt;&gt;</a>&nbsp;&nbsp;&nbsp;CLK_EnableXtalRC
</UL>
<BR>[Called By]<UL><LI><a href="#[26]">&gt;&gt;</a>&nbsp;&nbsp;&nbsp;main
</UL>

<P><STRONG><a name="[32]"></a>SystemCoreClockUpdate</STRONG> (Thumb, 118 bytes, Stack size 16 bytes, system_nuc100series.o(i.SystemCoreClockUpdate))
<BR><BR>[Stack]<UL><LI>Max Depth = 28<LI>Call Chain = SystemCoreClockUpdate &rArr; __aeabi_uidivmod
</UL>
<BR>[Calls]<UL><LI><a href="#[2f]">&gt;&gt;</a>&nbsp;&nbsp;&nbsp;__aeabi_uidivmod
</UL>
<BR>[Called By]<UL><LI><a href="#[31]">&gt;&gt;</a>&nbsp;&nbsp;&nbsp;CLK_SetHCLK
</UL>

<P><STRONG><a name="[27]"></a>SystemInit</STRONG> (Thumb, 2 bytes, Stack size 0 bytes, system_nuc100series.o(i.SystemInit))
<BR>[Address Reference Count : 1]<UL><LI> startup_nuc100series.o(.text)
</UL>
<P><STRONG><a name="[3d]"></a>__scatterload_copy</STRONG> (Thumb, 14 bytes, Stack size unknown bytes, handlers.o(i.__scatterload_copy), UNUSED)

<P><STRONG><a name="[3e]"></a>__scatterload_null</STRONG> (Thumb, 2 bytes, Stack size unknown bytes, handlers.o(i.__scatterload_null), UNUSED)

<P><STRONG><a name="[3f]"></a>__scatterload_zeroinit</STRONG> (Thumb, 14 bytes, Stack size unknown bytes, handlers.o(i.__scatterload_zeroinit), UNUSED)

<P><STRONG><a name="[26]"></a>main</STRONG> (Thumb, 10 bytes, Stack size 8 bytes, main.o(i.main))
<BR><BR>[Stack]<UL><LI>Max Depth = 92<LI>Call Chain = main &rArr; SYS_Init &rArr; CLK_SetCoreClock &rArr; CLK_EnablePLL &rArr; __aeabi_uidivmod
</UL>
<BR>[Calls]<UL><LI><a href="#[33]">&gt;&gt;</a>&nbsp;&nbsp;&nbsp;SYS_Init
</UL>
<BR>[Address Reference Count : 1]<UL><LI> entry9a.o(.ARM.Collect$$$$0000000B)
</UL><P>
<H3>
Local Symbols
</H3>
<P><STRONG><a name="[24]"></a>Default_Handler</STRONG> (Thumb, 2 bytes, Stack size 0 bytes, startup_nuc100series.o(.text))
<BR><BR>[Calls]<UL><LI><a href="#[24]">&gt;&gt;</a>&nbsp;&nbsp;&nbsp;Default_Handler
</UL>
<BR>[Called By]<UL><LI><a href="#[24]">&gt;&gt;</a>&nbsp;&nbsp;&nbsp;Default_Handler
</UL>
<BR>[Address Reference Count : 1]<UL><LI> startup_nuc100series.o(RESET)
</UL><P>
<H3>
Undefined Global Symbols
</H3><HR></body></html>
