<html>
<body>
<pre>
<h1>µVision Build Log</h1>
<h2>Tool Versions:</h2>
IDE-Version: £gVision V5.35.0.0
Copyright (C) 2021 ARM Ltd and ARM Germany GmbH. All rights reserved.
License Information:  ,  , LIC=----
 
Tool Versions:
Toolchain:       MDK-Lite  Version: 5.35.0.2
Toolchain Path:  C:\Keil_v5\ARM\ARMCC\Bin
C Compiler:      Armcc.exe V5.06 update 7 (build 960)
Assembler:       Armasm.exe V5.06 update 7 (build 960)
Linker/Locator:  ArmLink.exe V5.06 update 7 (build 960)
Library Manager: ArmAr.exe V5.06 update 7 (build 960)
Hex Converter:   FromElf.exe V5.06 update 7 (build 960)
CPU DLL:         SARMCM3.DLL V5.35.0.2
Dialog DLL:      DARMCM1.DLL V1.19.4.0
Target DLL:      Nu_Link.dll V3.07
Dialog DLL:      TARMCM1.DLL V1.14.4.0
 
<h2>Project:</h2>
D:\FCU-ARM_Microprocessor_Systems\exam_1_p1\KEIL\Nu-LB-NUC140.uvproj
Project File Date:  10/30/2023

<h2>Output:</h2>
*** Using Compiler 'V5.06 update 7 (build 960)', folder: 'C:\Keil_v5\ARM\ARMCC\Bin'
Rebuild target 'EXAM_1_P1'
assembling startup_NUC100Series.s...
creating preprocessor file for gpio.c...
creating preprocessor file for system_NUC100Series.c...
creating preprocessor file for uart.c...
creating preprocessor file for sys.c...
creating preprocessor file for clk.c...
creating preprocessor file for spi.c...
creating preprocessor file for LCD.c...
creating preprocessor file for main.c...
creating preprocessor file for Scankey.c...
creating preprocessor file for SYS_init.c...
creating preprocessor file for Seven_Segment.c...
compiling spi.c...
compiling uart.c...
compiling gpio.c...
compiling system_NUC100Series.c...
compiling sys.c...
compiling LCD.c...
compiling clk.c...
compiling SYS_init.c...
compiling Scankey.c...
compiling Seven_Segment.c...
compiling main.c...
..\main.c(133): warning:  #223-D: function "srand" declared implicitly
  			srand(loop_count);
..\main.c(134): warning:  #223-D: function "rand" declared implicitly
  			x = (rand() % 9 + 1) * 10 + rand() % 9 + 1;
..\main.c: 2 warnings, 0 errors
linking...
Program Size: Code=9272 RO-data=544 RW-data=2068 ZI-data=2052  
After Build - User command #1: fromelf --bin ".\obj\EXAM_1_P1.axf" --output ".\obj\EXAM_1_P1.bin"
After Build - User command #2: fromelf --text -c ".\obj\EXAM_1_P1.axf" --output ".\obj\EXAM_1_P1.txt"
".\obj\EXAM_1_P1.axf" - 0 Error(s), 2 Warning(s).
Build Time Elapsed:  00:00:10
</pre>
</body>
</html>
