Component: ARM Compiler 5.06 update 5 (build 528) Tool: armlink [4d35e2]

==============================================================================

Small function inlining results

Inlined total of 0 calls.

==============================================================================

Section Cross References

    system_nuc100series.o(i.SystemCoreClockUpdate) refers to uidiv.o(.text) for __aeabi_uidivmod
    system_nuc100series.o(i.SystemCoreClockUpdate) refers to system_nuc100series.o(.data) for .data
    startup_nuc100series.o(RESET) refers to startup_nuc100series.o(STACK) for __initial_sp
    startup_nuc100series.o(RESET) refers to startup_nuc100series.o(.text) for Reset_Handler
    startup_nuc100series.o(.text) refers to system_nuc100series.o(i.SystemInit) for SystemInit
    startup_nuc100series.o(.text) refers to entry.o(.ARM.Collect$$$$00000000) for __main
    clk.o(i.CLK_DisableCKO) refers to clk.o(i.CLK_DisableModuleClock) for CLK_DisableModuleClock
    clk.o(i.CLK_DisableModuleClock) refers to clk.o(.constdata) for .constdata
    clk.o(i.CLK_EnableCKO) refers to clk.o(i.CLK_EnableModuleClock) for CLK_EnableModuleClock
    clk.o(i.CLK_EnableCKO) refers to clk.o(i.CLK_SetModuleClock) for CLK_SetModuleClock
    clk.o(i.CLK_EnableModuleClock) refers to clk.o(.constdata) for .constdata
    clk.o(i.CLK_EnablePLL) refers to clk.o(i.CLK_WaitClockReady) for CLK_WaitClockReady
    clk.o(i.CLK_EnablePLL) refers to uidiv.o(.text) for __aeabi_uidivmod
    clk.o(i.CLK_GetCPUFreq) refers to system_nuc100series.o(i.SystemCoreClockUpdate) for SystemCoreClockUpdate
    clk.o(i.CLK_GetCPUFreq) refers to system_nuc100series.o(.data) for SystemCoreClock
    clk.o(i.CLK_GetHCLKFreq) refers to system_nuc100series.o(i.SystemCoreClockUpdate) for SystemCoreClockUpdate
    clk.o(i.CLK_GetHCLKFreq) refers to system_nuc100series.o(.data) for SystemCoreClock
    clk.o(i.CLK_GetPCLKFreq) refers to system_nuc100series.o(i.SystemCoreClockUpdate) for SystemCoreClockUpdate
    clk.o(i.CLK_GetPCLKFreq) refers to system_nuc100series.o(.data) for SystemCoreClock
    clk.o(i.CLK_SetCoreClock) refers to clk.o(i.CLK_EnablePLL) for CLK_EnablePLL
    clk.o(i.CLK_SetCoreClock) refers to clk.o(i.CLK_SetHCLK) for CLK_SetHCLK
    clk.o(i.CLK_SetHCLK) refers to system_nuc100series.o(i.SystemCoreClockUpdate) for SystemCoreClockUpdate
    clk.o(i.CLK_SetModuleClock) refers to clk.o(.constdata) for .constdata
    main.o(i.CLK_SysTickDelay) refers to system_nuc100series.o(.data) for CyclesPerUs
    main.o(i.lab) refers to main.o(i.led_R2F) for led_R2F
    main.o(i.lab) refers to main.o(i.led_full_on) for led_full_on
    main.o(i.lab) refers to main.o(i.led_full_off) for led_full_off
    main.o(i.lab) refers to main.o(i.led_F2R) for led_F2R
    main.o(i.led_F2R) refers to main.o(i.CLK_SysTickDelay) for CLK_SysTickDelay
    main.o(i.led_R2F) refers to main.o(i.CLK_SysTickDelay) for CLK_SysTickDelay
    main.o(i.led_full_off) refers to main.o(i.CLK_SysTickDelay) for CLK_SysTickDelay
    main.o(i.led_full_on) refers to main.o(i.CLK_SysTickDelay) for CLK_SysTickDelay
    main.o(i.main) refers to sys_init.o(i.SYS_Init) for SYS_Init
    main.o(i.main) refers to gpio.o(i.GPIO_SetMode) for GPIO_SetMode
    main.o(i.main) refers to main.o(i.lab) for lab
    sys_init.o(i.SYS_Init) refers to clk.o(i.CLK_EnableXtalRC) for CLK_EnableXtalRC
    sys_init.o(i.SYS_Init) refers to clk.o(i.CLK_WaitClockReady) for CLK_WaitClockReady
    sys_init.o(i.SYS_Init) refers to clk.o(i.CLK_SetCoreClock) for CLK_SetCoreClock
    entry.o(.ARM.Collect$$$$00000000) refers (Special) to entry10a.o(.ARM.Collect$$$$0000000D) for __rt_final_cpp
    entry.o(.ARM.Collect$$$$00000000) refers (Special) to entry11a.o(.ARM.Collect$$$$0000000F) for __rt_final_exit
    entry.o(.ARM.Collect$$$$00000000) refers (Special) to entry7b.o(.ARM.Collect$$$$00000008) for _main_clock
    entry.o(.ARM.Collect$$$$00000000) refers (Special) to entry8b.o(.ARM.Collect$$$$0000000A) for _main_cpp_init
    entry.o(.ARM.Collect$$$$00000000) refers (Special) to entry9a.o(.ARM.Collect$$$$0000000B) for _main_init
    entry.o(.ARM.Collect$$$$00000000) refers (Special) to entry5.o(.ARM.Collect$$$$00000004) for _main_scatterload
    entry.o(.ARM.Collect$$$$00000000) refers (Special) to entry2.o(.ARM.Collect$$$$00000001) for _main_stk
    entry2.o(.ARM.Collect$$$$00000001) refers to entry2.o(.ARM.Collect$$$$00002712) for __lit__00000000
    entry2.o(.ARM.Collect$$$$00002712) refers to startup_nuc100series.o(STACK) for __initial_sp
    entry2.o(__vectab_stack_and_reset_area) refers to startup_nuc100series.o(STACK) for __initial_sp
    entry2.o(__vectab_stack_and_reset_area) refers to entry.o(.ARM.Collect$$$$00000000) for __main
    entry5.o(.ARM.Collect$$$$00000004) refers to init.o(.text) for __scatterload
    entry9a.o(.ARM.Collect$$$$0000000B) refers to main.o(i.main) for main
    entry9b.o(.ARM.Collect$$$$0000000C) refers to main.o(i.main) for main
    init.o(.text) refers to entry5.o(.ARM.Collect$$$$00000004) for __main_after_scatterload


==============================================================================

Removing Unused input sections from the image.

    Removing system_nuc100series.o(.rev16_text), (4 bytes).
    Removing system_nuc100series.o(.revsh_text), (4 bytes).
    Removing startup_nuc100series.o(HEAP), (0 bytes).
    Removing clk.o(.rev16_text), (4 bytes).
    Removing clk.o(.revsh_text), (4 bytes).
    Removing clk.o(i.CLK_DisableCKO), (16 bytes).
    Removing clk.o(i.CLK_DisableModuleClock), (48 bytes).
    Removing clk.o(i.CLK_DisablePLL), (16 bytes).
    Removing clk.o(i.CLK_DisableSysTick), (12 bytes).
    Removing clk.o(i.CLK_DisableXtalRC), (16 bytes).
    Removing clk.o(i.CLK_EnableCKO), (40 bytes).
    Removing clk.o(i.CLK_EnableModuleClock), (48 bytes).
    Removing clk.o(i.CLK_EnableSysTick), (56 bytes).
    Removing clk.o(i.CLK_GetCPUFreq), (16 bytes).
    Removing clk.o(i.CLK_GetHCLKFreq), (16 bytes).
    Removing clk.o(i.CLK_GetHXTFreq), (20 bytes).
    Removing clk.o(i.CLK_GetLXTFreq), (24 bytes).
    Removing clk.o(i.CLK_GetPCLKFreq), (16 bytes).
    Removing clk.o(i.CLK_Idle), (32 bytes).
    Removing clk.o(i.CLK_PowerDown), (36 bytes).
    Removing clk.o(i.CLK_SetModuleClock), (204 bytes).
    Removing clk.o(i.CLK_SetSysTickClockSrc), (20 bytes).
    Removing clk.o(.constdata), (56 bytes).
    Removing gpio.o(.rev16_text), (4 bytes).
    Removing gpio.o(.revsh_text), (4 bytes).
    Removing gpio.o(i.GPIO_DisableInt), (28 bytes).
    Removing gpio.o(i.GPIO_EnableInt), (26 bytes).
    Removing main.o(.rev16_text), (4 bytes).
    Removing main.o(.revsh_text), (4 bytes).
    Removing sys_init.o(.rev16_text), (4 bytes).
    Removing sys_init.o(.revsh_text), (4 bytes).

31 unused section(s) (total 786 bytes) removed from the image.

==============================================================================

Image Symbol Table

    Local Symbols

    Symbol Name                              Value     Ov Type        Size  Object(Section)

    RESET                                    0x00000000   Section      192  startup_nuc100series.o(RESET)
    ../clib/microlib/division.c              0x00000000   Number         0  uidiv.o ABSOLUTE
    ../clib/microlib/init/entry.s            0x00000000   Number         0  entry10a.o ABSOLUTE
    ../clib/microlib/init/entry.s            0x00000000   Number         0  entry9b.o ABSOLUTE
    ../clib/microlib/init/entry.s            0x00000000   Number         0  entry5.o ABSOLUTE
    ../clib/microlib/init/entry.s            0x00000000   Number         0  entry9a.o ABSOLUTE
    ../clib/microlib/init/entry.s            0x00000000   Number         0  entry11a.o ABSOLUTE
    ../clib/microlib/init/entry.s            0x00000000   Number         0  entry8b.o ABSOLUTE
    ../clib/microlib/init/entry.s            0x00000000   Number         0  entry8a.o ABSOLUTE
    ../clib/microlib/init/entry.s            0x00000000   Number         0  entry7b.o ABSOLUTE
    ../clib/microlib/init/entry.s            0x00000000   Number         0  entry7a.o ABSOLUTE
    ../clib/microlib/init/entry.s            0x00000000   Number         0  entry2.o ABSOLUTE
    ../clib/microlib/init/entry.s            0x00000000   Number         0  entry.o ABSOLUTE
    ../clib/microlib/init/entry.s            0x00000000   Number         0  entry10b.o ABSOLUTE
    ../clib/microlib/init/entry.s            0x00000000   Number         0  entry11b.o ABSOLUTE
    ..\Library\Device\Nuvoton\NUC100Series\Source\ARM\startup_NUC100Series.s 0x00000000   Number         0  startup_nuc100series.o ABSOLUTE
    ..\Library\Device\Nuvoton\NUC100Series\Source\system_NUC100Series.c 0x00000000   Number         0  system_nuc100series.o ABSOLUTE
    ..\Library\Nu-LB-NUC140\Source\SYS_init.c 0x00000000   Number         0  sys_init.o ABSOLUTE
    ..\Library\StdDriver\src\clk.c           0x00000000   Number         0  clk.o ABSOLUTE
    ..\Library\StdDriver\src\gpio.c          0x00000000   Number         0  gpio.o ABSOLUTE
    ..\\Library\\Device\\Nuvoton\\NUC100Series\\Source\\system_NUC100Series.c 0x00000000   Number         0  system_nuc100series.o ABSOLUTE
    ..\\Library\\Nu-LB-NUC140\\Source\\SYS_init.c 0x00000000   Number         0  sys_init.o ABSOLUTE
    ..\\Library\\StdDriver\\src\\clk.c       0x00000000   Number         0  clk.o ABSOLUTE
    ..\\Library\\StdDriver\\src\\gpio.c      0x00000000   Number         0  gpio.o ABSOLUTE
    ..\\main.c                               0x00000000   Number         0  main.o ABSOLUTE
    ..\main.c                                0x00000000   Number         0  main.o ABSOLUTE
    handlers.s                               0x00000000   Number         0  handlers.o ABSOLUTE
    init.s                                   0x00000000   Number         0  init.o ABSOLUTE
    .ARM.Collect$$$$00000000                 0x000000c0   Section        0  entry.o(.ARM.Collect$$$$00000000)
    .ARM.Collect$$$$00000001                 0x000000c0   Section        4  entry2.o(.ARM.Collect$$$$00000001)
    .ARM.Collect$$$$00000004                 0x000000c4   Section        4  entry5.o(.ARM.Collect$$$$00000004)
    .ARM.Collect$$$$00000008                 0x000000c8   Section        0  entry7b.o(.ARM.Collect$$$$00000008)
    .ARM.Collect$$$$0000000A                 0x000000c8   Section        0  entry8b.o(.ARM.Collect$$$$0000000A)
    .ARM.Collect$$$$0000000B                 0x000000c8   Section        8  entry9a.o(.ARM.Collect$$$$0000000B)
    .ARM.Collect$$$$0000000D                 0x000000d0   Section        0  entry10a.o(.ARM.Collect$$$$0000000D)
    .ARM.Collect$$$$0000000F                 0x000000d0   Section        0  entry11a.o(.ARM.Collect$$$$0000000F)
    .ARM.Collect$$$$00002712                 0x000000d0   Section        4  entry2.o(.ARM.Collect$$$$00002712)
    __lit__00000000                          0x000000d0   Data           4  entry2.o(.ARM.Collect$$$$00002712)
    .text                                    0x000000d4   Section       76  startup_nuc100series.o(.text)
    Default_Handler                          0x000000ff   Thumb Code     2  startup_nuc100series.o(.text)
    .text                                    0x00000120   Section        0  uidiv.o(.text)
    .text                                    0x0000014c   Section       36  init.o(.text)
    i.CLK_EnablePLL                          0x00000170   Section        0  clk.o(i.CLK_EnablePLL)
    i.CLK_EnableXtalRC                       0x00000308   Section        0  clk.o(i.CLK_EnableXtalRC)
    i.CLK_SetCoreClock                       0x00000318   Section        0  clk.o(i.CLK_SetCoreClock)
    i.CLK_SetHCLK                            0x00000390   Section        0  clk.o(i.CLK_SetHCLK)
    i.CLK_SysTickDelay                       0x000003d8   Section        0  main.o(i.CLK_SysTickDelay)
    CLK_SysTickDelay                         0x000003d9   Thumb Code    28  main.o(i.CLK_SysTickDelay)
    i.CLK_WaitClockReady                     0x000003fc   Section        0  clk.o(i.CLK_WaitClockReady)
    i.GPIO_SetMode                           0x00000428   Section        0  gpio.o(i.GPIO_SetMode)
    i.SYS_Init                               0x00000450   Section        0  sys_init.o(i.SYS_Init)
    i.SystemCoreClockUpdate                  0x00000488   Section        0  system_nuc100series.o(i.SystemCoreClockUpdate)
    i.SystemInit                             0x00000518   Section        0  system_nuc100series.o(i.SystemInit)
    i.__scatterload_copy                     0x0000051a   Section       14  handlers.o(i.__scatterload_copy)
    i.__scatterload_null                     0x00000528   Section        2  handlers.o(i.__scatterload_null)
    i.__scatterload_zeroinit                 0x0000052a   Section       14  handlers.o(i.__scatterload_zeroinit)
    i.lab                                    0x00000538   Section        0  main.o(i.lab)
    i.led_F2R                                0x0000057c   Section        0  main.o(i.led_F2R)
    i.led_R2F                                0x000005c0   Section        0  main.o(i.led_R2F)
    i.led_full_off                           0x00000604   Section        0  main.o(i.led_full_off)
    i.led_full_on                            0x00000624   Section        0  main.o(i.led_full_on)
    i.main                                   0x00000644   Section        0  main.o(i.main)
    .data                                    0x20000000   Section       44  system_nuc100series.o(.data)
    STACK                                    0x20000030   Section     1024  startup_nuc100series.o(STACK)

    Global Symbols

    Symbol Name                              Value     Ov Type        Size  Object(Section)

    BuildAttributes$$THM_ISAv3M$S$PE$A:L22$X:L11$S22$IEEE1$IW$USESV6$~STKCKD$USESV7$~SHL$OSPACE$EBA8$MICROLIB$REQ8$PRES8$EABIv2 0x00000000   Number         0  anon$$obj.o ABSOLUTE
    __ARM_use_no_argv                        0x00000000   Number         0  main.o ABSOLUTE
    __Vectors                                0x00000000   Data           4  startup_nuc100series.o(RESET)
    __cpp_initialize__aeabi_                  - Undefined Weak Reference
    __cxa_finalize                            - Undefined Weak Reference
    __decompress                              - Undefined Weak Reference
    _clock_init                               - Undefined Weak Reference
    _microlib_exit                            - Undefined Weak Reference
    __main                                   0x000000c1   Thumb Code     0  entry.o(.ARM.Collect$$$$00000000)
    _main_stk                                0x000000c1   Thumb Code     0  entry2.o(.ARM.Collect$$$$00000001)
    _main_scatterload                        0x000000c5   Thumb Code     0  entry5.o(.ARM.Collect$$$$00000004)
    __main_after_scatterload                 0x000000c9   Thumb Code     0  entry5.o(.ARM.Collect$$$$00000004)
    _main_clock                              0x000000c9   Thumb Code     0  entry7b.o(.ARM.Collect$$$$00000008)
    _main_cpp_init                           0x000000c9   Thumb Code     0  entry8b.o(.ARM.Collect$$$$0000000A)
    _main_init                               0x000000c9   Thumb Code     0  entry9a.o(.ARM.Collect$$$$0000000B)
    __rt_final_cpp                           0x000000d1   Thumb Code     0  entry10a.o(.ARM.Collect$$$$0000000D)
    __rt_final_exit                          0x000000d1   Thumb Code     0  entry11a.o(.ARM.Collect$$$$0000000F)
    Reset_Handler                            0x000000d5   Thumb Code    32  startup_nuc100series.o(.text)
    NMI_Handler                              0x000000f5   Thumb Code     2  startup_nuc100series.o(.text)
    HardFault_Handler                        0x000000f7   Thumb Code     2  startup_nuc100series.o(.text)
    SVC_Handler                              0x000000f9   Thumb Code     2  startup_nuc100series.o(.text)
    PendSV_Handler                           0x000000fb   Thumb Code     2  startup_nuc100series.o(.text)
    SysTick_Handler                          0x000000fd   Thumb Code     2  startup_nuc100series.o(.text)
    ACMP_IRQHandler                          0x000000ff   Thumb Code     0  startup_nuc100series.o(.text)
    ADC_IRQHandler                           0x000000ff   Thumb Code     0  startup_nuc100series.o(.text)
    BOD_IRQHandler                           0x000000ff   Thumb Code     0  startup_nuc100series.o(.text)
    CAN0_IRQHandler                          0x000000ff   Thumb Code     0  startup_nuc100series.o(.text)
    CAN1_IRQHandler                          0x000000ff   Thumb Code     0  startup_nuc100series.o(.text)
    EINT0_IRQHandler                         0x000000ff   Thumb Code     0  startup_nuc100series.o(.text)
    EINT1_IRQHandler                         0x000000ff   Thumb Code     0  startup_nuc100series.o(.text)
    GPAB_IRQHandler                          0x000000ff   Thumb Code     0  startup_nuc100series.o(.text)
    GPCDEF_IRQHandler                        0x000000ff   Thumb Code     0  startup_nuc100series.o(.text)
    I2C0_IRQHandler                          0x000000ff   Thumb Code     0  startup_nuc100series.o(.text)
    I2C1_IRQHandler                          0x000000ff   Thumb Code     0  startup_nuc100series.o(.text)
    I2S_IRQHandler                           0x000000ff   Thumb Code     0  startup_nuc100series.o(.text)
    PDMA_IRQHandler                          0x000000ff   Thumb Code     0  startup_nuc100series.o(.text)
    PS2_IRQHandler                           0x000000ff   Thumb Code     0  startup_nuc100series.o(.text)
    PWMA_IRQHandler                          0x000000ff   Thumb Code     0  startup_nuc100series.o(.text)
    PWMB_IRQHandler                          0x000000ff   Thumb Code     0  startup_nuc100series.o(.text)
    PWRWU_IRQHandler                         0x000000ff   Thumb Code     0  startup_nuc100series.o(.text)
    RTC_IRQHandler                           0x000000ff   Thumb Code     0  startup_nuc100series.o(.text)
    SC012_IRQHandler                         0x000000ff   Thumb Code     0  startup_nuc100series.o(.text)
    SPI0_IRQHandler                          0x000000ff   Thumb Code     0  startup_nuc100series.o(.text)
    SPI1_IRQHandler                          0x000000ff   Thumb Code     0  startup_nuc100series.o(.text)
    SPI2_IRQHandler                          0x000000ff   Thumb Code     0  startup_nuc100series.o(.text)
    SPI3_IRQHandler                          0x000000ff   Thumb Code     0  startup_nuc100series.o(.text)
    TMR0_IRQHandler                          0x000000ff   Thumb Code     0  startup_nuc100series.o(.text)
    TMR1_IRQHandler                          0x000000ff   Thumb Code     0  startup_nuc100series.o(.text)
    TMR2_IRQHandler                          0x000000ff   Thumb Code     0  startup_nuc100series.o(.text)
    TMR3_IRQHandler                          0x000000ff   Thumb Code     0  startup_nuc100series.o(.text)
    UART02_IRQHandler                        0x000000ff   Thumb Code     0  startup_nuc100series.o(.text)
    UART1_IRQHandler                         0x000000ff   Thumb Code     0  startup_nuc100series.o(.text)
    USBD_IRQHandler                          0x000000ff   Thumb Code     0  startup_nuc100series.o(.text)
    WDT_IRQHandler                           0x000000ff   Thumb Code     0  startup_nuc100series.o(.text)
    __aeabi_uidiv                            0x00000121   Thumb Code     0  uidiv.o(.text)
    __aeabi_uidivmod                         0x00000121   Thumb Code    44  uidiv.o(.text)
    __scatterload                            0x0000014d   Thumb Code    28  init.o(.text)
    __scatterload_rt2                        0x0000014d   Thumb Code     0  init.o(.text)
    CLK_EnablePLL                            0x00000171   Thumb Code   348  clk.o(i.CLK_EnablePLL)
    CLK_EnableXtalRC                         0x00000309   Thumb Code    10  clk.o(i.CLK_EnableXtalRC)
    CLK_SetCoreClock                         0x00000319   Thumb Code   112  clk.o(i.CLK_SetCoreClock)
    CLK_SetHCLK                              0x00000391   Thumb Code    66  clk.o(i.CLK_SetHCLK)
    CLK_WaitClockReady                       0x000003fd   Thumb Code    34  clk.o(i.CLK_WaitClockReady)
    GPIO_SetMode                             0x00000429   Thumb Code    40  gpio.o(i.GPIO_SetMode)
    SYS_Init                                 0x00000451   Thumb Code    48  sys_init.o(i.SYS_Init)
    SystemCoreClockUpdate                    0x00000489   Thumb Code   118  system_nuc100series.o(i.SystemCoreClockUpdate)
    SystemInit                               0x00000519   Thumb Code     2  system_nuc100series.o(i.SystemInit)
    __scatterload_copy                       0x0000051b   Thumb Code    14  handlers.o(i.__scatterload_copy)
    __scatterload_null                       0x00000529   Thumb Code     2  handlers.o(i.__scatterload_null)
    __scatterload_zeroinit                   0x0000052b   Thumb Code    14  handlers.o(i.__scatterload_zeroinit)
    lab                                      0x00000539   Thumb Code    68  main.o(i.lab)
    led_F2R                                  0x0000057d   Thumb Code    58  main.o(i.led_F2R)
    led_R2F                                  0x000005c1   Thumb Code    58  main.o(i.led_R2F)
    led_full_off                             0x00000605   Thumb Code    22  main.o(i.led_full_off)
    led_full_on                              0x00000625   Thumb Code    22  main.o(i.led_full_on)
    main                                     0x00000645   Thumb Code    66  main.o(i.main)
    Region$$Table$$Base                      0x00000690   Number         0  anon$$obj.o(Region$$Table)
    Region$$Table$$Limit                     0x000006b0   Number         0  anon$$obj.o(Region$$Table)
    SystemCoreClock                          0x20000000   Data           4  system_nuc100series.o(.data)
    CyclesPerUs                              0x20000004   Data           4  system_nuc100series.o(.data)
    PllClock                                 0x20000008   Data           4  system_nuc100series.o(.data)
    gau32ClkSrcTbl                           0x2000000c   Data          32  system_nuc100series.o(.data)
    __initial_sp                             0x20000430   Data           0  startup_nuc100series.o(STACK)



==============================================================================

Memory Map of the image

  Image Entry point : 0x000000d5

  Load Region LR_1 (Base: 0x00000000, Size: 0x000006dc, Max: 0xffffffff, ABSOLUTE)

    Execution Region ER_RO (Exec base: 0x00000000, Load base: 0x00000000, Size: 0x000006b0, Max: 0xffffffff, ABSOLUTE)

    Exec Addr    Load Addr    Size         Type   Attr      Idx    E Section Name        Object

    0x00000000   0x00000000   0x000000c0   Data   RO          114    RESET               startup_nuc100series.o
    0x000000c0   0x000000c0   0x00000000   Code   RO          416  * .ARM.Collect$$$$00000000  mc_p.l(entry.o)
    0x000000c0   0x000000c0   0x00000004   Code   RO          419    .ARM.Collect$$$$00000001  mc_p.l(entry2.o)
    0x000000c4   0x000000c4   0x00000004   Code   RO          422    .ARM.Collect$$$$00000004  mc_p.l(entry5.o)
    0x000000c8   0x000000c8   0x00000000   Code   RO          424    .ARM.Collect$$$$00000008  mc_p.l(entry7b.o)
    0x000000c8   0x000000c8   0x00000000   Code   RO          426    .ARM.Collect$$$$0000000A  mc_p.l(entry8b.o)
    0x000000c8   0x000000c8   0x00000008   Code   RO          427    .ARM.Collect$$$$0000000B  mc_p.l(entry9a.o)
    0x000000d0   0x000000d0   0x00000000   Code   RO          429    .ARM.Collect$$$$0000000D  mc_p.l(entry10a.o)
    0x000000d0   0x000000d0   0x00000000   Code   RO          431    .ARM.Collect$$$$0000000F  mc_p.l(entry11a.o)
    0x000000d0   0x000000d0   0x00000004   Code   RO          420    .ARM.Collect$$$$00002712  mc_p.l(entry2.o)
    0x000000d4   0x000000d4   0x0000004c   Code   RO          115  * .text               startup_nuc100series.o
    0x00000120   0x00000120   0x0000002c   Code   RO          417    .text               mc_p.l(uidiv.o)
    0x0000014c   0x0000014c   0x00000024   Code   RO          433    .text               mc_p.l(init.o)
    0x00000170   0x00000170   0x00000198   Code   RO          128    i.CLK_EnablePLL     clk.o
    0x00000308   0x00000308   0x00000010   Code   RO          130    i.CLK_EnableXtalRC  clk.o
    0x00000318   0x00000318   0x00000078   Code   RO          138    i.CLK_SetCoreClock  clk.o
    0x00000390   0x00000390   0x00000048   Code   RO          139    i.CLK_SetHCLK       clk.o
    0x000003d8   0x000003d8   0x00000024   Code   RO          307    i.CLK_SysTickDelay  main.o
    0x000003fc   0x000003fc   0x0000002c   Code   RO          142    i.CLK_WaitClockReady  clk.o
    0x00000428   0x00000428   0x00000028   Code   RO          274    i.GPIO_SetMode      gpio.o
    0x00000450   0x00000450   0x00000038   Code   RO          395    i.SYS_Init          sys_init.o
    0x00000488   0x00000488   0x00000090   Code   RO            3    i.SystemCoreClockUpdate  system_nuc100series.o
    0x00000518   0x00000518   0x00000002   Code   RO            4    i.SystemInit        system_nuc100series.o
    0x0000051a   0x0000051a   0x0000000e   Code   RO          437    i.__scatterload_copy  mc_p.l(handlers.o)
    0x00000528   0x00000528   0x00000002   Code   RO          438    i.__scatterload_null  mc_p.l(handlers.o)
    0x0000052a   0x0000052a   0x0000000e   Code   RO          439    i.__scatterload_zeroinit  mc_p.l(handlers.o)
    0x00000538   0x00000538   0x00000044   Code   RO          308    i.lab               main.o
    0x0000057c   0x0000057c   0x00000044   Code   RO          309    i.led_F2R           main.o
    0x000005c0   0x000005c0   0x00000044   Code   RO          310    i.led_R2F           main.o
    0x00000604   0x00000604   0x00000020   Code   RO          311    i.led_full_off      main.o
    0x00000624   0x00000624   0x00000020   Code   RO          312    i.led_full_on       main.o
    0x00000644   0x00000644   0x0000004c   Code   RO          313    i.main              main.o
    0x00000690   0x00000690   0x00000020   Data   RO          435    Region$$Table       anon$$obj.o


    Execution Region ER_RW (Exec base: 0x20000000, Load base: 0x000006b0, Size: 0x0000002c, Max: 0xffffffff, ABSOLUTE)

    Exec Addr    Load Addr    Size         Type   Attr      Idx    E Section Name        Object

    0x20000000   0x000006b0   0x0000002c   Data   RW            5    .data               system_nuc100series.o


    Execution Region ER_ZI (Exec base: 0x2000002c, Load base: 0x000006dc, Size: 0x00000404, Max: 0xffffffff, ABSOLUTE)

    Exec Addr    Load Addr    Size         Type   Attr      Idx    E Section Name        Object

    0x2000002c   0x000006dc   0x00000004   PAD
    0x20000030        -       0x00000400   Zero   RW          112    STACK               startup_nuc100series.o


==============================================================================

Image component sizes


      Code (inc. data)   RO Data    RW Data    ZI Data      Debug   Object Name

       660         90          0          0          0       4625   clk.o
        40          0          0          0          0       1003   gpio.o
       380         58          0          0          0       3644   main.o
        76         32        192          0       1024        728   startup_nuc100series.o
        56          8          0          0          0      34999   sys_init.o
       146         26          0         44          0     118047   system_nuc100series.o

    ----------------------------------------------------------------------
      1358        214        224         44       1028     163046   Object Totals
         0          0         32          0          0          0   (incl. Generated)
         0          0          0          0          4          0   (incl. Padding)

    ----------------------------------------------------------------------

      Code (inc. data)   RO Data    RW Data    ZI Data      Debug   Library Member Name

         0          0          0          0          0          0   entry.o
         0          0          0          0          0          0   entry10a.o
         0          0          0          0          0          0   entry11a.o
         8          4          0          0          0          0   entry2.o
         4          0          0          0          0          0   entry5.o
         0          0          0          0          0          0   entry7b.o
         0          0          0          0          0          0   entry8b.o
         8          4          0          0          0          0   entry9a.o
        30          0          0          0          0          0   handlers.o
        36          8          0          0          0         68   init.o
        44          0          0          0          0         72   uidiv.o

    ----------------------------------------------------------------------
       130         16          0          0          0        140   Library Totals
         0          0          0          0          0          0   (incl. Padding)

    ----------------------------------------------------------------------

      Code (inc. data)   RO Data    RW Data    ZI Data      Debug   Library Name

       130         16          0          0          0        140   mc_p.l

    ----------------------------------------------------------------------
       130         16          0          0          0        140   Library Totals

    ----------------------------------------------------------------------

==============================================================================


      Code (inc. data)   RO Data    RW Data    ZI Data      Debug   

      1488        230        224         44       1028     162766   Grand Totals
      1488        230        224         44       1028     162766   ELF Image Totals
      1488        230        224         44          0          0   ROM Totals

==============================================================================

    Total RO  Size (Code + RO Data)                 1712 (   1.67kB)
    Total RW  Size (RW Data + ZI Data)              1072 (   1.05kB)
    Total ROM Size (Code + RO Data + RW Data)       1756 (   1.71kB)

==============================================================================

